[2025-04-17 16:23:37,302] DEBUG in entrypoint: Loading config for entry point invenio_app_rdm = invenio_app_rdm.config
[2025-04-17 16:23:37,900] DEBUG in ext: Flask-DebugToolbar extension not installed.
[2025-04-17 16:23:38,363] DEBUG in entrypoint: Loading config for entry point invenio_app_rdm = invenio_app_rdm.config
[2025-04-17 16:23:38,513] DEBUG in ext: Flask-DebugToolbar extension not installed.
Collect static from blueprints.
Copied: [invenio_app_rdm] '/Users/TYFong/.pyenv/versions/3.9.18/envs/invenio_cern/var/instance/static/robots.txt'
Copied: [invenio_app_rdm] '/Users/TYFong/.pyenv/versions/3.9.18/envs/invenio_cern/var/instance/static/images/invenio-rdm.svg'
[2025-04-17 16:23:40,553] DEBUG in entrypoint: Loading config for entry point invenio_app_rdm = invenio_app_rdm.config
[2025-04-17 16:23:41,325] DEBUG in ext: Flask-DebugToolbar extension not installed.
[2025-04-17 16:23:41,610] DEBUG in entrypoint: Loading config for entry point invenio_app_rdm = invenio_app_rdm.config
[2025-04-17 16:23:41,731] DEBUG in ext: Flask-DebugToolbar extension not installed.
Cleaned webpack project.
Created webpack project.
Installing JS dependencies...
[2025-04-17 16:23:47,395] DEBUG in entrypoint: Loading config for entry point invenio_app_rdm = invenio_app_rdm.config
[2025-04-17 16:23:48,103] DEBUG in ext: Flask-DebugToolbar extension not installed.
[2025-04-17 16:23:48,495] DEBUG in entrypoint: Loading config for entry point invenio_app_rdm = invenio_app_rdm.config
[2025-04-17 16:23:48,804] DEBUG in ext: Flask-DebugToolbar extension not installed.
npm warn EBADENGINE Unsupported engine {
npm warn EBADENGINE   package: 'morris.js@0.5.0',
npm warn EBADENGINE   required: { node: '>=0.8 <0.11' },
npm warn EBADENGINE   current: { node: 'v18.20.4', npm: '10.7.0' }
npm warn EBADENGINE }
npm warn deprecated inflight@1.0.6: This module is not supported, and leaks memory. Do not use it. Check out lru-cache if you want a good and tested way to coalesce async requests by a key value, which is much more comprehensive and powerful.
npm warn deprecated move-concurrently@1.0.1: This package is no longer supported.
npm warn deprecated source-map-url@0.4.1: See https://github.com/lydell/source-map-url#deprecated
npm warn deprecated lodash.get@4.4.2: This package is deprecated. Use the optional chaining (?.) operator instead.
npm warn deprecated stable@0.1.8: Modern JS already guarantees Array#sort() is a stable sort, so this library is deprecated. See the compatibility table on MDN: https://developer.mozilla.org/en-US/docs/Web/JavaScript/Reference/Global_Objects/Array/sort#browser_compatibility
npm warn deprecated @babel/plugin-proposal-private-methods@7.18.6: This proposal has been merged to the ECMAScript standard and thus this plugin is no longer maintained. Please use @babel/plugin-transform-private-methods instead.
npm warn deprecated @babel/plugin-proposal-numeric-separator@7.18.6: This proposal has been merged to the ECMAScript standard and thus this plugin is no longer maintained. Please use @babel/plugin-transform-numeric-separator instead.
npm warn deprecated @babel/plugin-proposal-nullish-coalescing-operator@7.18.6: This proposal has been merged to the ECMAScript standard and thus this plugin is no longer maintained. Please use @babel/plugin-transform-nullish-coalescing-operator instead.
npm warn deprecated @babel/plugin-proposal-class-properties@7.18.6: This proposal has been merged to the ECMAScript standard and thus this plugin is no longer maintained. Please use @babel/plugin-transform-class-properties instead.
npm warn deprecated figgy-pudding@3.5.2: This module is no longer supported.
npm warn deprecated rimraf@2.7.1: Rimraf versions prior to v4 are no longer supported
npm warn deprecated urix@0.1.0: Please see https://github.com/lydell/urix#deprecated
npm warn deprecated @humanwhocodes/config-array@0.13.0: Use @eslint/config-array instead
npm warn deprecated copy-concurrently@1.0.5: This package is no longer supported.
npm warn deprecated @babel/plugin-proposal-optional-chaining@7.21.0: This proposal has been merged to the ECMAScript standard and thus this plugin is no longer maintained. Please use @babel/plugin-transform-optional-chaining instead.
npm warn deprecated @babel/plugin-proposal-private-property-in-object@7.21.11: This proposal has been merged to the ECMAScript standard and thus this plugin is no longer maintained. Please use @babel/plugin-transform-private-property-in-object instead.
npm warn deprecated rimraf@3.0.2: Rimraf versions prior to v4 are no longer supported
npm warn deprecated resolve-url@0.2.1: https://github.com/lydell/resolve-url#deprecated
npm warn deprecated glob@7.2.3: Glob versions prior to v9 are no longer supported
npm warn deprecated @humanwhocodes/object-schema@2.0.3: Use @eslint/object-schema instead
npm warn deprecated source-map-resolve@0.5.3: See https://github.com/lydell/source-map-resolve#deprecated
npm warn deprecated fs-write-stream-atomic@1.0.10: This package is no longer supported.
npm warn deprecated redux-devtools-extension@2.13.9: Package moved to @redux-devtools/extension.
npm warn deprecated fsevents@1.2.13: Upgrade to fsevents v2 to mitigate potential security issues
npm warn deprecated bootstrap-colorpicker@2.5.3: Package no longer supported. Contact Support at https://www.npmjs.com/support for more info.
npm warn deprecated jvectormap@1.2.2: jvectormap is not maintened since Aug 2015. You can use jvectormap-next or jqvmap instead.
npm warn deprecated eslint@8.57.1: This version is no longer supported. Please see https://eslint.org/version-support for other options.
npm warn deprecated ckeditor@4.12.1: We have renamed the @ckeditor package. New versions are available under the @ckeditor4 name.

> invenio-assets@2.0.0 postinstall
> patch-package

patch-package 6.5.1
Applying patches...
semantic-ui-less@2.5.0 ✔

added 1373 packages, and audited 1374 packages in 35s

276 packages are looking for funding
  run `npm fund` for details

19 vulnerabilities (7 moderate, 12 high)

To address issues that do not require attention, run:
  npm audit fix

To address all issues (including breaking changes), run:
  npm audit fix --force

Run `npm audit` for details.
Installed webpack project.
Copying project statics and assets...
Symlinking assets...
Building assets...
[2025-04-17 16:24:26,061] DEBUG in entrypoint: Loading config for entry point invenio_app_rdm = invenio_app_rdm.config
[2025-04-17 16:24:26,491] DEBUG in ext: Flask-DebugToolbar extension not installed.
[2025-04-17 16:24:27,166] DEBUG in entrypoint: Loading config for entry point invenio_app_rdm = invenio_app_rdm.config
[2025-04-17 16:24:27,404] DEBUG in ext: Flask-DebugToolbar extension not installed.

> invenio-assets@2.0.0 build
> NODE_PRESERVE_SYMLINKS=1 NODE_ENV=production webpack --config ./build/webpack.config.js

Warning: React version was set to "detect" in eslint-plugin-react settings, but the "react" package is not installed. Assuming latest React version for linting.
assets by path js/ 6.66 MiB
  assets by path js/*.js 6.57 MiB 114 assets
  assets by path js/skins/ 95.7 KiB
    asset js/skins/ui/oxide/skin.min.css 74.1 KiB [emitted] [from: node_modules/tinymce/skins/ui/oxide/skin.min.css] [copied] [minimized]
    + 2 assets
assets by path fonts/ 5.96 MiB
  assets by status 4.56 MiB [big] 12 assets
  assets by path fonts/*.woff2 843 KiB 7 assets
  + 9 assets
assets by path css/*.css 1.68 MiB
  assets by chunk 1.5 MiB (id hint: vendors)
    asset css/3526.87176a4a1b49e8678a3c.css 1.46 MiB [emitted] [immutable] [minimized] [big] (id hint: vendors) 1 related asset
    asset css/1995.5a944cbe564320ab0758.css 46.2 KiB [emitted] [immutable] [minimized] (id hint: vendors) 1 related asset
  + 10 assets
orphan modules 8.48 MiB (javascript) 5.96 MiB (asset) 10.3 KiB (runtime) [orphan] 1208 modules
runtime modules 7.43 KiB 14 modules
built modules 14 MiB (javascript) 2.69 MiB (css/mini-extract) [built]
  modules by path ./node_modules/ 11.3 MiB (javascript) 2.51 MiB (css/mini-extract) 900 modules
  modules by path ./js/ 2.18 MiB 174 modules
  modules by path ./scss/ 450 bytes (javascript) 189 KiB (css/mini-extract) 18 modules
  modules by path ./translations/ 516 KiB 5 modules
  modules by path ./less/invenio_app_rdm/previewer/*.less 50 bytes (javascript) 317 bytes (css/mini-extract)
    ./less/invenio_app_rdm/previewer/iiif_simple.less 50 bytes [built] [code generated]
    css ./node_modules/css-loader/dist/cjs.js!./node_modules/less-loader/dist/cjs.js!./less/invenio_app_rdm/previewer/iiif_simple.less 317 bytes [built] [code generated]
  modules by path ./templates/ 320 bytes
    ./templates/custom_fields/ lazy ^\.\/.*\.js$ namespace object 160 bytes [built] [code generated]
    ./templates/ eager ^\.\/.*$ namespace object 160 bytes [built] [code generated]
  + 6 modules
  

WARNING in ./scss/invenio_previewer/audio_videojs.scss (./scss/invenio_previewer/audio_videojs.scss.webpack[javascript/auto]!=!./node_modules/css-loader/dist/cjs.js!./node_modules/sass-loader/dist/cjs.js!./scss/invenio_previewer/audio_videojs.scss)
Module Warning (from ./node_modules/sass-loader/dist/cjs.js):
Deprecation The legacy JS API is deprecated and will be removed in Dart Sass 2.0.0.

More info: https://sass-lang.com/d/legacy-js-api
ModuleWarning: Module Warning (from ./node_modules/sass-loader/dist/cjs.js):
Deprecation The legacy JS API is deprecated and will be removed in Dart Sass 2.0.0.

More info: https://sass-lang.com/d/legacy-js-api
    at Object.emitWarning (/Users/TYFong/.pyenv/versions/3.9.18/envs/invenio_cern/var/instance/assets/node_modules/webpack/lib/NormalModule.js:714:6)
    at warn (/Users/TYFong/.pyenv/versions/3.9.18/envs/invenio_cern/var/instance/assets/node_modules/sass-loader/dist/utils.js:146:25)
    at Function.call$2 (/Users/TYFong/.pyenv/versions/3.9.18/envs/invenio_cern/var/instance/assets/node_modules/sass/sass.dart.js:127213:16)
    at JSToDartLogger.internalWarn$4$deprecation$span$trace (/Users/TYFong/.pyenv/versions/3.9.18/envs/invenio_cern/var/instance/assets/node_modules/sass/sass.dart.js:108104:14)
    at DeprecationProcessingLogger0._deprecation_processing$_handleDeprecation$4$span$trace (/Users/TYFong/.pyenv/versions/3.9.18/envs/invenio_cern/var/instance/assets/node_modules/sass/sass.dart.js:99562:44)
    at DeprecationProcessingLogger0.internalWarn$4$deprecation$span$trace (/Users/TYFong/.pyenv/versions/3.9.18/envs/invenio_cern/var/instance/assets/node_modules/sass/sass.dart.js:99514:14)
    at Object.WarnForDeprecation_warnForDeprecation0 (/Users/TYFong/.pyenv/versions/3.9.18/envs/invenio_cern/var/instance/assets/node_modules/sass/sass.dart.js:29358:13)
    at /Users/TYFong/.pyenv/versions/3.9.18/envs/invenio_cern/var/instance/assets/node_modules/sass/sass.dart.js:20771:19
    at _wrapJsFunctionForAsync_closure.$protected (/Users/TYFong/.pyenv/versions/3.9.18/envs/invenio_cern/var/instance/assets/node_modules/sass/sass.dart.js:5065:15)
    at _wrapJsFunctionForAsync_closure.call$2 (/Users/TYFong/.pyenv/versions/3.9.18/envs/invenio_cern/var/instance/assets/node_modules/sass/sass.dart.js:38102:12)
    at Object._asyncStartSync (/Users/TYFong/.pyenv/versions/3.9.18/envs/invenio_cern/var/instance/assets/node_modules/sass/sass.dart.js:5029:20)
    at Object._compileStylesheet2 (/Users/TYFong/.pyenv/versions/3.9.18/envs/invenio_cern/var/instance/assets/node_modules/sass/sass.dart.js:20790:16)
    at /Users/TYFong/.pyenv/versions/3.9.18/envs/invenio_cern/var/instance/assets/node_modules/sass/sass.dart.js:20743:38
    at _wrapJsFunctionForAsync_closure.$protected (/Users/TYFong/.pyenv/versions/3.9.18/envs/invenio_cern/var/instance/assets/node_modules/sass/sass.dart.js:5065:15)
    at _wrapJsFunctionForAsync_closure.call$2 (/Users/TYFong/.pyenv/versions/3.9.18/envs/invenio_cern/var/instance/assets/node_modules/sass/sass.dart.js:38102:12)
    at Object._asyncStartSync (/Users/TYFong/.pyenv/versions/3.9.18/envs/invenio_cern/var/instance/assets/node_modules/sass/sass.dart.js:5029:20)
    at Object.compileStringAsync0 (/Users/TYFong/.pyenv/versions/3.9.18/envs/invenio_cern/var/instance/assets/node_modules/sass/sass.dart.js:20757:16)
    at /Users/TYFong/.pyenv/versions/3.9.18/envs/invenio_cern/var/instance/assets/node_modules/sass/sass.dart.js:28699:38
    at _wrapJsFunctionForAsync_closure.$protected (/Users/TYFong/.pyenv/versions/3.9.18/envs/invenio_cern/var/instance/assets/node_modules/sass/sass.dart.js:5065:15)
    at _wrapJsFunctionForAsync_closure.call$2 (/Users/TYFong/.pyenv/versions/3.9.18/envs/invenio_cern/var/instance/assets/node_modules/sass/sass.dart.js:38102:12)
    at Object._asyncStartSync (/Users/TYFong/.pyenv/versions/3.9.18/envs/invenio_cern/var/instance/assets/node_modules/sass/sass.dart.js:5029:20)
    at Object._renderAsync (/Users/TYFong/.pyenv/versions/3.9.18/envs/invenio_cern/var/instance/assets/node_modules/sass/sass.dart.js:28757:16)
    at StaticClosure.render (/Users/TYFong/.pyenv/versions/3.9.18/envs/invenio_cern/var/instance/assets/node_modules/sass/sass.dart.js:28651:11)
    at Object.Primitives_applyFunction (/Users/TYFong/.pyenv/versions/3.9.18/envs/invenio_cern/var/instance/assets/node_modules/sass/sass.dart.js:2178:30)
    at Object.Function_apply (/Users/TYFong/.pyenv/versions/3.9.18/envs/invenio_cern/var/instance/assets/node_modules/sass/sass.dart.js:6516:16)
    at _callDartFunctionFast (/Users/TYFong/.pyenv/versions/3.9.18/envs/invenio_cern/var/instance/assets/node_modules/sass/sass.dart.js:8209:16)
    at sass.render (/Users/TYFong/.pyenv/versions/3.9.18/envs/invenio_cern/var/instance/assets/node_modules/sass/sass.dart.js:8187:18)
    at /Users/TYFong/.pyenv/versions/3.9.18/envs/invenio_cern/var/instance/assets/node_modules/sass-loader/dist/utils.js:547:22
    at new Promise (<anonymous>)
    at /Users/TYFong/.pyenv/versions/3.9.18/envs/invenio_cern/var/instance/assets/node_modules/sass-loader/dist/utils.js:546:27
    at Object.loader (/Users/TYFong/.pyenv/versions/3.9.18/envs/invenio_cern/var/instance/assets/node_modules/sass-loader/dist/index.js:51:20)
 @ ./scss/invenio_previewer/audio_videojs.scss

WARNING in ./scss/invenio_previewer/bottom.scss (./scss/invenio_previewer/bottom.scss.webpack[javascript/auto]!=!./node_modules/css-loader/dist/cjs.js!./node_modules/sass-loader/dist/cjs.js!./scss/invenio_previewer/bottom.scss)
Module Warning (from ./node_modules/sass-loader/dist/cjs.js):
Deprecation The legacy JS API is deprecated and will be removed in Dart Sass 2.0.0.

More info: https://sass-lang.com/d/legacy-js-api
ModuleWarning: Module Warning (from ./node_modules/sass-loader/dist/cjs.js):
Deprecation The legacy JS API is deprecated and will be removed in Dart Sass 2.0.0.

More info: https://sass-lang.com/d/legacy-js-api
    at Object.emitWarning (/Users/TYFong/.pyenv/versions/3.9.18/envs/invenio_cern/var/instance/assets/node_modules/webpack/lib/NormalModule.js:714:6)
    at warn (/Users/TYFong/.pyenv/versions/3.9.18/envs/invenio_cern/var/instance/assets/node_modules/sass-loader/dist/utils.js:146:25)
    at Function.call$2 (/Users/TYFong/.pyenv/versions/3.9.18/envs/invenio_cern/var/instance/assets/node_modules/sass/sass.dart.js:127213:16)
    at JSToDartLogger.internalWarn$4$deprecation$span$trace (/Users/TYFong/.pyenv/versions/3.9.18/envs/invenio_cern/var/instance/assets/node_modules/sass/sass.dart.js:108104:14)
    at DeprecationProcessingLogger0._deprecation_processing$_handleDeprecation$4$span$trace (/Users/TYFong/.pyenv/versions/3.9.18/envs/invenio_cern/var/instance/assets/node_modules/sass/sass.dart.js:99562:44)
    at DeprecationProcessingLogger0.internalWarn$4$deprecation$span$trace (/Users/TYFong/.pyenv/versions/3.9.18/envs/invenio_cern/var/instance/assets/node_modules/sass/sass.dart.js:99514:14)
    at Object.WarnForDeprecation_warnForDeprecation0 (/Users/TYFong/.pyenv/versions/3.9.18/envs/invenio_cern/var/instance/assets/node_modules/sass/sass.dart.js:29358:13)
    at /Users/TYFong/.pyenv/versions/3.9.18/envs/invenio_cern/var/instance/assets/node_modules/sass/sass.dart.js:20771:19
    at _wrapJsFunctionForAsync_closure.$protected (/Users/TYFong/.pyenv/versions/3.9.18/envs/invenio_cern/var/instance/assets/node_modules/sass/sass.dart.js:5065:15)
    at _wrapJsFunctionForAsync_closure.call$2 (/Users/TYFong/.pyenv/versions/3.9.18/envs/invenio_cern/var/instance/assets/node_modules/sass/sass.dart.js:38102:12)
    at Object._asyncStartSync (/Users/TYFong/.pyenv/versions/3.9.18/envs/invenio_cern/var/instance/assets/node_modules/sass/sass.dart.js:5029:20)
    at Object._compileStylesheet2 (/Users/TYFong/.pyenv/versions/3.9.18/envs/invenio_cern/var/instance/assets/node_modules/sass/sass.dart.js:20790:16)
    at /Users/TYFong/.pyenv/versions/3.9.18/envs/invenio_cern/var/instance/assets/node_modules/sass/sass.dart.js:20743:38
    at _wrapJsFunctionForAsync_closure.$protected (/Users/TYFong/.pyenv/versions/3.9.18/envs/invenio_cern/var/instance/assets/node_modules/sass/sass.dart.js:5065:15)
    at _wrapJsFunctionForAsync_closure.call$2 (/Users/TYFong/.pyenv/versions/3.9.18/envs/invenio_cern/var/instance/assets/node_modules/sass/sass.dart.js:38102:12)
    at Object._asyncStartSync (/Users/TYFong/.pyenv/versions/3.9.18/envs/invenio_cern/var/instance/assets/node_modules/sass/sass.dart.js:5029:20)
    at Object.compileStringAsync0 (/Users/TYFong/.pyenv/versions/3.9.18/envs/invenio_cern/var/instance/assets/node_modules/sass/sass.dart.js:20757:16)
    at /Users/TYFong/.pyenv/versions/3.9.18/envs/invenio_cern/var/instance/assets/node_modules/sass/sass.dart.js:28699:38
    at _wrapJsFunctionForAsync_closure.$protected (/Users/TYFong/.pyenv/versions/3.9.18/envs/invenio_cern/var/instance/assets/node_modules/sass/sass.dart.js:5065:15)
    at _wrapJsFunctionForAsync_closure.call$2 (/Users/TYFong/.pyenv/versions/3.9.18/envs/invenio_cern/var/instance/assets/node_modules/sass/sass.dart.js:38102:12)
    at Object._asyncStartSync (/Users/TYFong/.pyenv/versions/3.9.18/envs/invenio_cern/var/instance/assets/node_modules/sass/sass.dart.js:5029:20)
    at Object._renderAsync (/Users/TYFong/.pyenv/versions/3.9.18/envs/invenio_cern/var/instance/assets/node_modules/sass/sass.dart.js:28757:16)
    at StaticClosure.render (/Users/TYFong/.pyenv/versions/3.9.18/envs/invenio_cern/var/instance/assets/node_modules/sass/sass.dart.js:28651:11)
    at Object.Primitives_applyFunction (/Users/TYFong/.pyenv/versions/3.9.18/envs/invenio_cern/var/instance/assets/node_modules/sass/sass.dart.js:2178:30)
    at Object.Function_apply (/Users/TYFong/.pyenv/versions/3.9.18/envs/invenio_cern/var/instance/assets/node_modules/sass/sass.dart.js:6516:16)
    at _callDartFunctionFast (/Users/TYFong/.pyenv/versions/3.9.18/envs/invenio_cern/var/instance/assets/node_modules/sass/sass.dart.js:8209:16)
    at sass.render (/Users/TYFong/.pyenv/versions/3.9.18/envs/invenio_cern/var/instance/assets/node_modules/sass/sass.dart.js:8187:18)
    at /Users/TYFong/.pyenv/versions/3.9.18/envs/invenio_cern/var/instance/assets/node_modules/sass-loader/dist/utils.js:547:22
    at new Promise (<anonymous>)
    at /Users/TYFong/.pyenv/versions/3.9.18/envs/invenio_cern/var/instance/assets/node_modules/sass-loader/dist/utils.js:546:27
    at Object.loader (/Users/TYFong/.pyenv/versions/3.9.18/envs/invenio_cern/var/instance/assets/node_modules/sass-loader/dist/index.js:51:20)
 @ ./scss/invenio_previewer/bottom.scss

WARNING in ./scss/invenio_previewer/pdfjs.scss (./scss/invenio_previewer/pdfjs.scss.webpack[javascript/auto]!=!./node_modules/css-loader/dist/cjs.js!./node_modules/sass-loader/dist/cjs.js!./scss/invenio_previewer/pdfjs.scss)
Module Warning (from ./node_modules/sass-loader/dist/cjs.js):
Deprecation The legacy JS API is deprecated and will be removed in Dart Sass 2.0.0.

More info: https://sass-lang.com/d/legacy-js-api
ModuleWarning: Module Warning (from ./node_modules/sass-loader/dist/cjs.js):
Deprecation The legacy JS API is deprecated and will be removed in Dart Sass 2.0.0.

More info: https://sass-lang.com/d/legacy-js-api
    at Object.emitWarning (/Users/TYFong/.pyenv/versions/3.9.18/envs/invenio_cern/var/instance/assets/node_modules/webpack/lib/NormalModule.js:714:6)
    at warn (/Users/TYFong/.pyenv/versions/3.9.18/envs/invenio_cern/var/instance/assets/node_modules/sass-loader/dist/utils.js:146:25)
    at Function.call$2 (/Users/TYFong/.pyenv/versions/3.9.18/envs/invenio_cern/var/instance/assets/node_modules/sass/sass.dart.js:127213:16)
    at JSToDartLogger.internalWarn$4$deprecation$span$trace (/Users/TYFong/.pyenv/versions/3.9.18/envs/invenio_cern/var/instance/assets/node_modules/sass/sass.dart.js:108104:14)
    at DeprecationProcessingLogger0._deprecation_processing$_handleDeprecation$4$span$trace (/Users/TYFong/.pyenv/versions/3.9.18/envs/invenio_cern/var/instance/assets/node_modules/sass/sass.dart.js:99562:44)
    at DeprecationProcessingLogger0.internalWarn$4$deprecation$span$trace (/Users/TYFong/.pyenv/versions/3.9.18/envs/invenio_cern/var/instance/assets/node_modules/sass/sass.dart.js:99514:14)
    at Object.WarnForDeprecation_warnForDeprecation0 (/Users/TYFong/.pyenv/versions/3.9.18/envs/invenio_cern/var/instance/assets/node_modules/sass/sass.dart.js:29358:13)
    at /Users/TYFong/.pyenv/versions/3.9.18/envs/invenio_cern/var/instance/assets/node_modules/sass/sass.dart.js:20771:19
    at _wrapJsFunctionForAsync_closure.$protected (/Users/TYFong/.pyenv/versions/3.9.18/envs/invenio_cern/var/instance/assets/node_modules/sass/sass.dart.js:5065:15)
    at _wrapJsFunctionForAsync_closure.call$2 (/Users/TYFong/.pyenv/versions/3.9.18/envs/invenio_cern/var/instance/assets/node_modules/sass/sass.dart.js:38102:12)
    at Object._asyncStartSync (/Users/TYFong/.pyenv/versions/3.9.18/envs/invenio_cern/var/instance/assets/node_modules/sass/sass.dart.js:5029:20)
    at Object._compileStylesheet2 (/Users/TYFong/.pyenv/versions/3.9.18/envs/invenio_cern/var/instance/assets/node_modules/sass/sass.dart.js:20790:16)
    at /Users/TYFong/.pyenv/versions/3.9.18/envs/invenio_cern/var/instance/assets/node_modules/sass/sass.dart.js:20743:38
    at _wrapJsFunctionForAsync_closure.$protected (/Users/TYFong/.pyenv/versions/3.9.18/envs/invenio_cern/var/instance/assets/node_modules/sass/sass.dart.js:5065:15)
    at _wrapJsFunctionForAsync_closure.call$2 (/Users/TYFong/.pyenv/versions/3.9.18/envs/invenio_cern/var/instance/assets/node_modules/sass/sass.dart.js:38102:12)
    at Object._asyncStartSync (/Users/TYFong/.pyenv/versions/3.9.18/envs/invenio_cern/var/instance/assets/node_modules/sass/sass.dart.js:5029:20)
    at Object.compileStringAsync0 (/Users/TYFong/.pyenv/versions/3.9.18/envs/invenio_cern/var/instance/assets/node_modules/sass/sass.dart.js:20757:16)
    at /Users/TYFong/.pyenv/versions/3.9.18/envs/invenio_cern/var/instance/assets/node_modules/sass/sass.dart.js:28699:38
    at _wrapJsFunctionForAsync_closure.$protected (/Users/TYFong/.pyenv/versions/3.9.18/envs/invenio_cern/var/instance/assets/node_modules/sass/sass.dart.js:5065:15)
    at _wrapJsFunctionForAsync_closure.call$2 (/Users/TYFong/.pyenv/versions/3.9.18/envs/invenio_cern/var/instance/assets/node_modules/sass/sass.dart.js:38102:12)
    at Object._asyncStartSync (/Users/TYFong/.pyenv/versions/3.9.18/envs/invenio_cern/var/instance/assets/node_modules/sass/sass.dart.js:5029:20)
    at Object._renderAsync (/Users/TYFong/.pyenv/versions/3.9.18/envs/invenio_cern/var/instance/assets/node_modules/sass/sass.dart.js:28757:16)
    at StaticClosure.render (/Users/TYFong/.pyenv/versions/3.9.18/envs/invenio_cern/var/instance/assets/node_modules/sass/sass.dart.js:28651:11)
    at Object.Primitives_applyFunction (/Users/TYFong/.pyenv/versions/3.9.18/envs/invenio_cern/var/instance/assets/node_modules/sass/sass.dart.js:2178:30)
    at Object.Function_apply (/Users/TYFong/.pyenv/versions/3.9.18/envs/invenio_cern/var/instance/assets/node_modules/sass/sass.dart.js:6516:16)
    at _callDartFunctionFast (/Users/TYFong/.pyenv/versions/3.9.18/envs/invenio_cern/var/instance/assets/node_modules/sass/sass.dart.js:8209:16)
    at sass.render (/Users/TYFong/.pyenv/versions/3.9.18/envs/invenio_cern/var/instance/assets/node_modules/sass/sass.dart.js:8187:18)
    at /Users/TYFong/.pyenv/versions/3.9.18/envs/invenio_cern/var/instance/assets/node_modules/sass-loader/dist/utils.js:547:22
    at new Promise (<anonymous>)
    at /Users/TYFong/.pyenv/versions/3.9.18/envs/invenio_cern/var/instance/assets/node_modules/sass-loader/dist/utils.js:546:27
    at Object.loader (/Users/TYFong/.pyenv/versions/3.9.18/envs/invenio_cern/var/instance/assets/node_modules/sass-loader/dist/index.js:51:20)
 @ ./scss/invenio_previewer/pdfjs.scss

WARNING in ./scss/invenio_previewer/prismjs.scss (./scss/invenio_previewer/prismjs.scss.webpack[javascript/auto]!=!./node_modules/css-loader/dist/cjs.js!./node_modules/sass-loader/dist/cjs.js!./scss/invenio_previewer/prismjs.scss)
Module Warning (from ./node_modules/sass-loader/dist/cjs.js):
Deprecation The legacy JS API is deprecated and will be removed in Dart Sass 2.0.0.

More info: https://sass-lang.com/d/legacy-js-api
ModuleWarning: Module Warning (from ./node_modules/sass-loader/dist/cjs.js):
Deprecation The legacy JS API is deprecated and will be removed in Dart Sass 2.0.0.

More info: https://sass-lang.com/d/legacy-js-api
    at Object.emitWarning (/Users/TYFong/.pyenv/versions/3.9.18/envs/invenio_cern/var/instance/assets/node_modules/webpack/lib/NormalModule.js:714:6)
    at warn (/Users/TYFong/.pyenv/versions/3.9.18/envs/invenio_cern/var/instance/assets/node_modules/sass-loader/dist/utils.js:146:25)
    at Function.call$2 (/Users/TYFong/.pyenv/versions/3.9.18/envs/invenio_cern/var/instance/assets/node_modules/sass/sass.dart.js:127213:16)
    at JSToDartLogger.internalWarn$4$deprecation$span$trace (/Users/TYFong/.pyenv/versions/3.9.18/envs/invenio_cern/var/instance/assets/node_modules/sass/sass.dart.js:108104:14)
    at DeprecationProcessingLogger0._deprecation_processing$_handleDeprecation$4$span$trace (/Users/TYFong/.pyenv/versions/3.9.18/envs/invenio_cern/var/instance/assets/node_modules/sass/sass.dart.js:99562:44)
    at DeprecationProcessingLogger0.internalWarn$4$deprecation$span$trace (/Users/TYFong/.pyenv/versions/3.9.18/envs/invenio_cern/var/instance/assets/node_modules/sass/sass.dart.js:99514:14)
    at Object.WarnForDeprecation_warnForDeprecation0 (/Users/TYFong/.pyenv/versions/3.9.18/envs/invenio_cern/var/instance/assets/node_modules/sass/sass.dart.js:29358:13)
    at /Users/TYFong/.pyenv/versions/3.9.18/envs/invenio_cern/var/instance/assets/node_modules/sass/sass.dart.js:20771:19
    at _wrapJsFunctionForAsync_closure.$protected (/Users/TYFong/.pyenv/versions/3.9.18/envs/invenio_cern/var/instance/assets/node_modules/sass/sass.dart.js:5065:15)
    at _wrapJsFunctionForAsync_closure.call$2 (/Users/TYFong/.pyenv/versions/3.9.18/envs/invenio_cern/var/instance/assets/node_modules/sass/sass.dart.js:38102:12)
    at Object._asyncStartSync (/Users/TYFong/.pyenv/versions/3.9.18/envs/invenio_cern/var/instance/assets/node_modules/sass/sass.dart.js:5029:20)
    at Object._compileStylesheet2 (/Users/TYFong/.pyenv/versions/3.9.18/envs/invenio_cern/var/instance/assets/node_modules/sass/sass.dart.js:20790:16)
    at /Users/TYFong/.pyenv/versions/3.9.18/envs/invenio_cern/var/instance/assets/node_modules/sass/sass.dart.js:20743:38
    at _wrapJsFunctionForAsync_closure.$protected (/Users/TYFong/.pyenv/versions/3.9.18/envs/invenio_cern/var/instance/assets/node_modules/sass/sass.dart.js:5065:15)
    at _wrapJsFunctionForAsync_closure.call$2 (/Users/TYFong/.pyenv/versions/3.9.18/envs/invenio_cern/var/instance/assets/node_modules/sass/sass.dart.js:38102:12)
    at Object._asyncStartSync (/Users/TYFong/.pyenv/versions/3.9.18/envs/invenio_cern/var/instance/assets/node_modules/sass/sass.dart.js:5029:20)
    at Object.compileStringAsync0 (/Users/TYFong/.pyenv/versions/3.9.18/envs/invenio_cern/var/instance/assets/node_modules/sass/sass.dart.js:20757:16)
    at /Users/TYFong/.pyenv/versions/3.9.18/envs/invenio_cern/var/instance/assets/node_modules/sass/sass.dart.js:28699:38
    at _wrapJsFunctionForAsync_closure.$protected (/Users/TYFong/.pyenv/versions/3.9.18/envs/invenio_cern/var/instance/assets/node_modules/sass/sass.dart.js:5065:15)
    at _wrapJsFunctionForAsync_closure.call$2 (/Users/TYFong/.pyenv/versions/3.9.18/envs/invenio_cern/var/instance/assets/node_modules/sass/sass.dart.js:38102:12)
    at Object._asyncStartSync (/Users/TYFong/.pyenv/versions/3.9.18/envs/invenio_cern/var/instance/assets/node_modules/sass/sass.dart.js:5029:20)
    at Object._renderAsync (/Users/TYFong/.pyenv/versions/3.9.18/envs/invenio_cern/var/instance/assets/node_modules/sass/sass.dart.js:28757:16)
    at StaticClosure.render (/Users/TYFong/.pyenv/versions/3.9.18/envs/invenio_cern/var/instance/assets/node_modules/sass/sass.dart.js:28651:11)
    at Object.Primitives_applyFunction (/Users/TYFong/.pyenv/versions/3.9.18/envs/invenio_cern/var/instance/assets/node_modules/sass/sass.dart.js:2178:30)
    at Object.Function_apply (/Users/TYFong/.pyenv/versions/3.9.18/envs/invenio_cern/var/instance/assets/node_modules/sass/sass.dart.js:6516:16)
    at _callDartFunctionFast (/Users/TYFong/.pyenv/versions/3.9.18/envs/invenio_cern/var/instance/assets/node_modules/sass/sass.dart.js:8209:16)
    at sass.render (/Users/TYFong/.pyenv/versions/3.9.18/envs/invenio_cern/var/instance/assets/node_modules/sass/sass.dart.js:8187:18)
    at /Users/TYFong/.pyenv/versions/3.9.18/envs/invenio_cern/var/instance/assets/node_modules/sass-loader/dist/utils.js:547:22
    at new Promise (<anonymous>)
    at /Users/TYFong/.pyenv/versions/3.9.18/envs/invenio_cern/var/instance/assets/node_modules/sass-loader/dist/utils.js:546:27
    at Object.loader (/Users/TYFong/.pyenv/versions/3.9.18/envs/invenio_cern/var/instance/assets/node_modules/sass-loader/dist/index.js:51:20)
 @ ./scss/invenio_previewer/prismjs.scss

WARNING in ./scss/invenio_previewer/prismjs.scss (./scss/invenio_previewer/prismjs.scss.webpack[javascript/auto]!=!./node_modules/css-loader/dist/cjs.js!./node_modules/sass-loader/dist/cjs.js!./scss/invenio_previewer/prismjs.scss)
Module Warning (from ./node_modules/sass-loader/dist/cjs.js):
Deprecation Warning on line 8, column 8 of file:///Users/TYFong/.pyenv/versions/3.9.18/envs/invenio_cern/var/instance/assets/scss/invenio_previewer/prismjs.scss:8:8:
Sass @import rules are deprecated and will be removed in Dart Sass 3.0.0.

More info and automated migrator: https://sass-lang.com/d/import

8 | @import "~prismjs/themes/prism";


scss/invenio_previewer/prismjs.scss 9:9  root stylesheet
ModuleWarning: Module Warning (from ./node_modules/sass-loader/dist/cjs.js):
Deprecation Warning on line 8, column 8 of file:///Users/TYFong/.pyenv/versions/3.9.18/envs/invenio_cern/var/instance/assets/scss/invenio_previewer/prismjs.scss:8:8:
Sass @import rules are deprecated and will be removed in Dart Sass 3.0.0.

More info and automated migrator: https://sass-lang.com/d/import

8 | @import "~prismjs/themes/prism";


scss/invenio_previewer/prismjs.scss 9:9  root stylesheet

    at Object.emitWarning (/Users/TYFong/.pyenv/versions/3.9.18/envs/invenio_cern/var/instance/assets/node_modules/webpack/lib/NormalModule.js:714:6)
    at warn (/Users/TYFong/.pyenv/versions/3.9.18/envs/invenio_cern/var/instance/assets/node_modules/sass-loader/dist/utils.js:146:25)
    at Function.call$2 (/Users/TYFong/.pyenv/versions/3.9.18/envs/invenio_cern/var/instance/assets/node_modules/sass/sass.dart.js:127213:16)
    at JSToDartLogger.internalWarn$4$deprecation$span$trace (/Users/TYFong/.pyenv/versions/3.9.18/envs/invenio_cern/var/instance/assets/node_modules/sass/sass.dart.js:108104:14)
    at DeprecationProcessingLogger0._deprecation_processing$_handleDeprecation$4$span$trace (/Users/TYFong/.pyenv/versions/3.9.18/envs/invenio_cern/var/instance/assets/node_modules/sass/sass.dart.js:99562:44)
    at DeprecationProcessingLogger0.internalWarn$4$deprecation$span$trace (/Users/TYFong/.pyenv/versions/3.9.18/envs/invenio_cern/var/instance/assets/node_modules/sass/sass.dart.js:99514:14)
    at Object.WarnForDeprecation_warnForDeprecation0 (/Users/TYFong/.pyenv/versions/3.9.18/envs/invenio_cern/var/instance/assets/node_modules/sass/sass.dart.js:29358:13)
    at _EvaluateVisitor2._async_evaluate0$_warn$3 (/Users/TYFong/.pyenv/versions/3.9.18/envs/invenio_cern/var/instance/assets/node_modules/sass/sass.dart.js:91149:11)
    at /Users/TYFong/.pyenv/versions/3.9.18/envs/invenio_cern/var/instance/assets/node_modules/sass/sass.dart.js:86447:29
    at _wrapJsFunctionForAsync_closure.$protected (/Users/TYFong/.pyenv/versions/3.9.18/envs/invenio_cern/var/instance/assets/node_modules/sass/sass.dart.js:5065:15)
    at _wrapJsFunctionForAsync_closure.call$2 (/Users/TYFong/.pyenv/versions/3.9.18/envs/invenio_cern/var/instance/assets/node_modules/sass/sass.dart.js:38102:12)
    at Object._asyncStartSync (/Users/TYFong/.pyenv/versions/3.9.18/envs/invenio_cern/var/instance/assets/node_modules/sass/sass.dart.js:5029:20)
    at _EvaluateVisitor2.visitStylesheet$body$_EvaluateVisitor0 (/Users/TYFong/.pyenv/versions/3.9.18/envs/invenio_cern/var/instance/assets/node_modules/sass/sass.dart.js:86484:16)
    at _EvaluateVisitor2.visitStylesheet$1 (/Users/TYFong/.pyenv/versions/3.9.18/envs/invenio_cern/var/instance/assets/node_modules/sass/sass.dart.js:86430:19)
    at /Users/TYFong/.pyenv/versions/3.9.18/envs/invenio_cern/var/instance/assets/node_modules/sass/sass.dart.js:91951:39
    at _wrapJsFunctionForAsync_closure.$protected (/Users/TYFong/.pyenv/versions/3.9.18/envs/invenio_cern/var/instance/assets/node_modules/sass/sass.dart.js:5065:15)
    at _wrapJsFunctionForAsync_closure.call$2 (/Users/TYFong/.pyenv/versions/3.9.18/envs/invenio_cern/var/instance/assets/node_modules/sass/sass.dart.js:38102:12)
    at Object._asyncStartSync (/Users/TYFong/.pyenv/versions/3.9.18/envs/invenio_cern/var/instance/assets/node_modules/sass/sass.dart.js:5029:20)
    at _EvaluateVisitor__execute_closure2.call$0 (/Users/TYFong/.pyenv/versions/3.9.18/envs/invenio_cern/var/instance/assets/node_modules/sass/sass.dart.js:91976:16)
    at /Users/TYFong/.pyenv/versions/3.9.18/envs/invenio_cern/var/instance/assets/node_modules/sass/sass.dart.js:90707:45
    at _wrapJsFunctionForAsync_closure.$protected (/Users/TYFong/.pyenv/versions/3.9.18/envs/invenio_cern/var/instance/assets/node_modules/sass/sass.dart.js:5065:15)
    at _wrapJsFunctionForAsync_closure.call$2 (/Users/TYFong/.pyenv/versions/3.9.18/envs/invenio_cern/var/instance/assets/node_modules/sass/sass.dart.js:38102:12)
    at Object._asyncStartSync (/Users/TYFong/.pyenv/versions/3.9.18/envs/invenio_cern/var/instance/assets/node_modules/sass/sass.dart.js:5029:20)
    at _EvaluateVisitor2._withEnvironment$body$_EvaluateVisitor0 (/Users/TYFong/.pyenv/versions/3.9.18/envs/invenio_cern/var/instance/assets/node_modules/sass/sass.dart.js:90721:16)
    at _EvaluateVisitor2._async_evaluate0$_withEnvironment$1$2 (/Users/TYFong/.pyenv/versions/3.9.18/envs/invenio_cern/var/instance/assets/node_modules/sass/sass.dart.js:90691:19)
    at /Users/TYFong/.pyenv/versions/3.9.18/envs/invenio_cern/var/instance/assets/node_modules/sass/sass.dart.js:86318:48
    at _wrapJsFunctionForAsync_closure.$protected (/Users/TYFong/.pyenv/versions/3.9.18/envs/invenio_cern/var/instance/assets/node_modules/sass/sass.dart.js:5065:15)
    at _wrapJsFunctionForAsync_closure.call$2 (/Users/TYFong/.pyenv/versions/3.9.18/envs/invenio_cern/var/instance/assets/node_modules/sass/sass.dart.js:38102:12)
    at Object._asyncStartSync (/Users/TYFong/.pyenv/versions/3.9.18/envs/invenio_cern/var/instance/assets/node_modules/sass/sass.dart.js:5029:20)
    at _EvaluateVisitor2._execute$body$_EvaluateVisitor0 (/Users/TYFong/.pyenv/versions/3.9.18/envs/invenio_cern/var/instance/assets/node_modules/sass/sass.dart.js:86339:16)
    at _EvaluateVisitor2._async_evaluate0$_execute$5$configuration$namesInErrors$nodeWithSpan (/Users/TYFong/.pyenv/versions/3.9.18/envs/invenio_cern/var/instance/assets/node_modules/sass/sass.dart.js:86261:19)
    at _EvaluateVisitor2._async_evaluate0$_execute$2 (/Users/TYFong/.pyenv/versions/3.9.18/envs/invenio_cern/var/instance/assets/node_modules/sass/sass.dart.js:86264:19)
    at _EvaluateVisitor_run__closure2.call$0 (/Users/TYFong/.pyenv/versions/3.9.18/envs/invenio_cern/var/instance/assets/node_modules/sass/sass.dart.js:91799:25)
    at /Users/TYFong/.pyenv/versions/3.9.18/envs/invenio_cern/var/instance/assets/node_modules/sass/sass.dart.js:91274:29
    at _wrapJsFunctionForAsync_closure.$protected (/Users/TYFong/.pyenv/versions/3.9.18/envs/invenio_cern/var/instance/assets/node_modules/sass/sass.dart.js:5065:15)
    at _wrapJsFunctionForAsync_closure.call$2 (/Users/TYFong/.pyenv/versions/3.9.18/envs/invenio_cern/var/instance/assets/node_modules/sass/sass.dart.js:38102:12)
    at Object._asyncStartSync (/Users/TYFong/.pyenv/versions/3.9.18/envs/invenio_cern/var/instance/assets/node_modules/sass/sass.dart.js:5029:20)
    at _EvaluateVisitor2._addExceptionTrace$body$_EvaluateVisitor0 (/Users/TYFong/.pyenv/versions/3.9.18/envs/invenio_cern/var/instance/assets/node_modules/sass/sass.dart.js:91321:16)
    at _EvaluateVisitor2._async_evaluate0$_addExceptionTrace$1$1 (/Users/TYFong/.pyenv/versions/3.9.18/envs/invenio_cern/var/instance/assets/node_modules/sass/sass.dart.js:91258:19)
    at /Users/TYFong/.pyenv/versions/3.9.18/envs/invenio_cern/var/instance/assets/node_modules/sass/sass.dart.js:91780:39
    at _wrapJsFunctionForAsync_closure.$protected (/Users/TYFong/.pyenv/versions/3.9.18/envs/invenio_cern/var/instance/assets/node_modules/sass/sass.dart.js:5065:15)
    at _wrapJsFunctionForAsync_closure.call$2 (/Users/TYFong/.pyenv/versions/3.9.18/envs/invenio_cern/var/instance/assets/node_modules/sass/sass.dart.js:38102:12)
    at Object._asyncStartSync (/Users/TYFong/.pyenv/versions/3.9.18/envs/invenio_cern/var/instance/assets/node_modules/sass/sass.dart.js:5029:20)
    at _EvaluateVisitor_run_closure2.call$0 (/Users/TYFong/.pyenv/versions/3.9.18/envs/invenio_cern/var/instance/assets/node_modules/sass/sass.dart.js:91793:16)
    at Object._rootRun (/Users/TYFong/.pyenv/versions/3.9.18/envs/invenio_cern/var/instance/assets/node_modules/sass/sass.dart.js:5469:16)
    at StaticClosure.<anonymous> (/Users/TYFong/.pyenv/versions/3.9.18/envs/invenio_cern/var/instance/assets/node_modules/sass/sass.dart.js:124379:16)
    at _CustomZone.run$1$1 (/Users/TYFong/.pyenv/versions/3.9.18/envs/invenio_cern/var/instance/assets/node_modules/sass/sass.dart.js:39572:39)
    at Object._runZoned (/Users/TYFong/.pyenv/versions/3.9.18/envs/invenio_cern/var/instance/assets/node_modules/sass/sass.dart.js:5561:89)
    at Object.runZoned (/Users/TYFong/.pyenv/versions/3.9.18/envs/invenio_cern/var/instance/assets/node_modules/sass/sass.dart.js:5558:16)
    at /Users/TYFong/.pyenv/versions/3.9.18/envs/invenio_cern/var/instance/assets/node_modules/sass/sass.dart.js:86154:22
 @ ./scss/invenio_previewer/prismjs.scss

WARNING in ./scss/invenio_previewer/simple_image.scss (./scss/invenio_previewer/simple_image.scss.webpack[javascript/auto]!=!./node_modules/css-loader/dist/cjs.js!./node_modules/sass-loader/dist/cjs.js!./scss/invenio_previewer/simple_image.scss)
Module Warning (from ./node_modules/sass-loader/dist/cjs.js):
Deprecation The legacy JS API is deprecated and will be removed in Dart Sass 2.0.0.

More info: https://sass-lang.com/d/legacy-js-api
ModuleWarning: Module Warning (from ./node_modules/sass-loader/dist/cjs.js):
Deprecation The legacy JS API is deprecated and will be removed in Dart Sass 2.0.0.

More info: https://sass-lang.com/d/legacy-js-api
    at Object.emitWarning (/Users/TYFong/.pyenv/versions/3.9.18/envs/invenio_cern/var/instance/assets/node_modules/webpack/lib/NormalModule.js:714:6)
    at warn (/Users/TYFong/.pyenv/versions/3.9.18/envs/invenio_cern/var/instance/assets/node_modules/sass-loader/dist/utils.js:146:25)
    at Function.call$2 (/Users/TYFong/.pyenv/versions/3.9.18/envs/invenio_cern/var/instance/assets/node_modules/sass/sass.dart.js:127213:16)
    at JSToDartLogger.internalWarn$4$deprecation$span$trace (/Users/TYFong/.pyenv/versions/3.9.18/envs/invenio_cern/var/instance/assets/node_modules/sass/sass.dart.js:108104:14)
    at DeprecationProcessingLogger0._deprecation_processing$_handleDeprecation$4$span$trace (/Users/TYFong/.pyenv/versions/3.9.18/envs/invenio_cern/var/instance/assets/node_modules/sass/sass.dart.js:99562:44)
    at DeprecationProcessingLogger0.internalWarn$4$deprecation$span$trace (/Users/TYFong/.pyenv/versions/3.9.18/envs/invenio_cern/var/instance/assets/node_modules/sass/sass.dart.js:99514:14)
    at Object.WarnForDeprecation_warnForDeprecation0 (/Users/TYFong/.pyenv/versions/3.9.18/envs/invenio_cern/var/instance/assets/node_modules/sass/sass.dart.js:29358:13)
    at /Users/TYFong/.pyenv/versions/3.9.18/envs/invenio_cern/var/instance/assets/node_modules/sass/sass.dart.js:20771:19
    at _wrapJsFunctionForAsync_closure.$protected (/Users/TYFong/.pyenv/versions/3.9.18/envs/invenio_cern/var/instance/assets/node_modules/sass/sass.dart.js:5065:15)
    at _wrapJsFunctionForAsync_closure.call$2 (/Users/TYFong/.pyenv/versions/3.9.18/envs/invenio_cern/var/instance/assets/node_modules/sass/sass.dart.js:38102:12)
    at Object._asyncStartSync (/Users/TYFong/.pyenv/versions/3.9.18/envs/invenio_cern/var/instance/assets/node_modules/sass/sass.dart.js:5029:20)
    at Object._compileStylesheet2 (/Users/TYFong/.pyenv/versions/3.9.18/envs/invenio_cern/var/instance/assets/node_modules/sass/sass.dart.js:20790:16)
    at /Users/TYFong/.pyenv/versions/3.9.18/envs/invenio_cern/var/instance/assets/node_modules/sass/sass.dart.js:20743:38
    at _wrapJsFunctionForAsync_closure.$protected (/Users/TYFong/.pyenv/versions/3.9.18/envs/invenio_cern/var/instance/assets/node_modules/sass/sass.dart.js:5065:15)
    at _wrapJsFunctionForAsync_closure.call$2 (/Users/TYFong/.pyenv/versions/3.9.18/envs/invenio_cern/var/instance/assets/node_modules/sass/sass.dart.js:38102:12)
    at Object._asyncStartSync (/Users/TYFong/.pyenv/versions/3.9.18/envs/invenio_cern/var/instance/assets/node_modules/sass/sass.dart.js:5029:20)
    at Object.compileStringAsync0 (/Users/TYFong/.pyenv/versions/3.9.18/envs/invenio_cern/var/instance/assets/node_modules/sass/sass.dart.js:20757:16)
    at /Users/TYFong/.pyenv/versions/3.9.18/envs/invenio_cern/var/instance/assets/node_modules/sass/sass.dart.js:28699:38
    at _wrapJsFunctionForAsync_closure.$protected (/Users/TYFong/.pyenv/versions/3.9.18/envs/invenio_cern/var/instance/assets/node_modules/sass/sass.dart.js:5065:15)
    at _wrapJsFunctionForAsync_closure.call$2 (/Users/TYFong/.pyenv/versions/3.9.18/envs/invenio_cern/var/instance/assets/node_modules/sass/sass.dart.js:38102:12)
    at Object._asyncStartSync (/Users/TYFong/.pyenv/versions/3.9.18/envs/invenio_cern/var/instance/assets/node_modules/sass/sass.dart.js:5029:20)
    at Object._renderAsync (/Users/TYFong/.pyenv/versions/3.9.18/envs/invenio_cern/var/instance/assets/node_modules/sass/sass.dart.js:28757:16)
    at StaticClosure.render (/Users/TYFong/.pyenv/versions/3.9.18/envs/invenio_cern/var/instance/assets/node_modules/sass/sass.dart.js:28651:11)
    at Object.Primitives_applyFunction (/Users/TYFong/.pyenv/versions/3.9.18/envs/invenio_cern/var/instance/assets/node_modules/sass/sass.dart.js:2178:30)
    at Object.Function_apply (/Users/TYFong/.pyenv/versions/3.9.18/envs/invenio_cern/var/instance/assets/node_modules/sass/sass.dart.js:6516:16)
    at _callDartFunctionFast (/Users/TYFong/.pyenv/versions/3.9.18/envs/invenio_cern/var/instance/assets/node_modules/sass/sass.dart.js:8209:16)
    at sass.render (/Users/TYFong/.pyenv/versions/3.9.18/envs/invenio_cern/var/instance/assets/node_modules/sass/sass.dart.js:8187:18)
    at /Users/TYFong/.pyenv/versions/3.9.18/envs/invenio_cern/var/instance/assets/node_modules/sass-loader/dist/utils.js:547:22
    at new Promise (<anonymous>)
    at /Users/TYFong/.pyenv/versions/3.9.18/envs/invenio_cern/var/instance/assets/node_modules/sass-loader/dist/utils.js:546:27
    at Object.loader (/Users/TYFong/.pyenv/versions/3.9.18/envs/invenio_cern/var/instance/assets/node_modules/sass-loader/dist/index.js:51:20)
 @ ./scss/invenio_previewer/simple_image.scss

WARNING in ./scss/invenio_previewer/txt.scss (./scss/invenio_previewer/txt.scss.webpack[javascript/auto]!=!./node_modules/css-loader/dist/cjs.js!./node_modules/sass-loader/dist/cjs.js!./scss/invenio_previewer/txt.scss)
Module Warning (from ./node_modules/sass-loader/dist/cjs.js):
Deprecation The legacy JS API is deprecated and will be removed in Dart Sass 2.0.0.

More info: https://sass-lang.com/d/legacy-js-api
ModuleWarning: Module Warning (from ./node_modules/sass-loader/dist/cjs.js):
Deprecation The legacy JS API is deprecated and will be removed in Dart Sass 2.0.0.

More info: https://sass-lang.com/d/legacy-js-api
    at Object.emitWarning (/Users/TYFong/.pyenv/versions/3.9.18/envs/invenio_cern/var/instance/assets/node_modules/webpack/lib/NormalModule.js:714:6)
    at warn (/Users/TYFong/.pyenv/versions/3.9.18/envs/invenio_cern/var/instance/assets/node_modules/sass-loader/dist/utils.js:146:25)
    at Function.call$2 (/Users/TYFong/.pyenv/versions/3.9.18/envs/invenio_cern/var/instance/assets/node_modules/sass/sass.dart.js:127213:16)
    at JSToDartLogger.internalWarn$4$deprecation$span$trace (/Users/TYFong/.pyenv/versions/3.9.18/envs/invenio_cern/var/instance/assets/node_modules/sass/sass.dart.js:108104:14)
    at DeprecationProcessingLogger0._deprecation_processing$_handleDeprecation$4$span$trace (/Users/TYFong/.pyenv/versions/3.9.18/envs/invenio_cern/var/instance/assets/node_modules/sass/sass.dart.js:99562:44)
    at DeprecationProcessingLogger0.internalWarn$4$deprecation$span$trace (/Users/TYFong/.pyenv/versions/3.9.18/envs/invenio_cern/var/instance/assets/node_modules/sass/sass.dart.js:99514:14)
    at Object.WarnForDeprecation_warnForDeprecation0 (/Users/TYFong/.pyenv/versions/3.9.18/envs/invenio_cern/var/instance/assets/node_modules/sass/sass.dart.js:29358:13)
    at /Users/TYFong/.pyenv/versions/3.9.18/envs/invenio_cern/var/instance/assets/node_modules/sass/sass.dart.js:20771:19
    at _wrapJsFunctionForAsync_closure.$protected (/Users/TYFong/.pyenv/versions/3.9.18/envs/invenio_cern/var/instance/assets/node_modules/sass/sass.dart.js:5065:15)
    at _wrapJsFunctionForAsync_closure.call$2 (/Users/TYFong/.pyenv/versions/3.9.18/envs/invenio_cern/var/instance/assets/node_modules/sass/sass.dart.js:38102:12)
    at Object._asyncStartSync (/Users/TYFong/.pyenv/versions/3.9.18/envs/invenio_cern/var/instance/assets/node_modules/sass/sass.dart.js:5029:20)
    at Object._compileStylesheet2 (/Users/TYFong/.pyenv/versions/3.9.18/envs/invenio_cern/var/instance/assets/node_modules/sass/sass.dart.js:20790:16)
    at /Users/TYFong/.pyenv/versions/3.9.18/envs/invenio_cern/var/instance/assets/node_modules/sass/sass.dart.js:20743:38
    at _wrapJsFunctionForAsync_closure.$protected (/Users/TYFong/.pyenv/versions/3.9.18/envs/invenio_cern/var/instance/assets/node_modules/sass/sass.dart.js:5065:15)
    at _wrapJsFunctionForAsync_closure.call$2 (/Users/TYFong/.pyenv/versions/3.9.18/envs/invenio_cern/var/instance/assets/node_modules/sass/sass.dart.js:38102:12)
    at Object._asyncStartSync (/Users/TYFong/.pyenv/versions/3.9.18/envs/invenio_cern/var/instance/assets/node_modules/sass/sass.dart.js:5029:20)
    at Object.compileStringAsync0 (/Users/TYFong/.pyenv/versions/3.9.18/envs/invenio_cern/var/instance/assets/node_modules/sass/sass.dart.js:20757:16)
    at /Users/TYFong/.pyenv/versions/3.9.18/envs/invenio_cern/var/instance/assets/node_modules/sass/sass.dart.js:28699:38
    at _wrapJsFunctionForAsync_closure.$protected (/Users/TYFong/.pyenv/versions/3.9.18/envs/invenio_cern/var/instance/assets/node_modules/sass/sass.dart.js:5065:15)
    at _wrapJsFunctionForAsync_closure.call$2 (/Users/TYFong/.pyenv/versions/3.9.18/envs/invenio_cern/var/instance/assets/node_modules/sass/sass.dart.js:38102:12)
    at Object._asyncStartSync (/Users/TYFong/.pyenv/versions/3.9.18/envs/invenio_cern/var/instance/assets/node_modules/sass/sass.dart.js:5029:20)
    at Object._renderAsync (/Users/TYFong/.pyenv/versions/3.9.18/envs/invenio_cern/var/instance/assets/node_modules/sass/sass.dart.js:28757:16)
    at StaticClosure.render (/Users/TYFong/.pyenv/versions/3.9.18/envs/invenio_cern/var/instance/assets/node_modules/sass/sass.dart.js:28651:11)
    at Object.Primitives_applyFunction (/Users/TYFong/.pyenv/versions/3.9.18/envs/invenio_cern/var/instance/assets/node_modules/sass/sass.dart.js:2178:30)
    at Object.Function_apply (/Users/TYFong/.pyenv/versions/3.9.18/envs/invenio_cern/var/instance/assets/node_modules/sass/sass.dart.js:6516:16)
    at _callDartFunctionFast (/Users/TYFong/.pyenv/versions/3.9.18/envs/invenio_cern/var/instance/assets/node_modules/sass/sass.dart.js:8209:16)
    at sass.render (/Users/TYFong/.pyenv/versions/3.9.18/envs/invenio_cern/var/instance/assets/node_modules/sass/sass.dart.js:8187:18)
    at /Users/TYFong/.pyenv/versions/3.9.18/envs/invenio_cern/var/instance/assets/node_modules/sass-loader/dist/utils.js:547:22
    at new Promise (<anonymous>)
    at /Users/TYFong/.pyenv/versions/3.9.18/envs/invenio_cern/var/instance/assets/node_modules/sass-loader/dist/utils.js:546:27
    at Object.loader (/Users/TYFong/.pyenv/versions/3.9.18/envs/invenio_cern/var/instance/assets/node_modules/sass-loader/dist/index.js:51:20)
 @ ./scss/invenio_previewer/txt.scss

WARNING in ./scss/invenio_previewer/video_videojs.scss (./scss/invenio_previewer/video_videojs.scss.webpack[javascript/auto]!=!./node_modules/css-loader/dist/cjs.js!./node_modules/sass-loader/dist/cjs.js!./scss/invenio_previewer/video_videojs.scss)
Module Warning (from ./node_modules/sass-loader/dist/cjs.js):
Deprecation The legacy JS API is deprecated and will be removed in Dart Sass 2.0.0.

More info: https://sass-lang.com/d/legacy-js-api
ModuleWarning: Module Warning (from ./node_modules/sass-loader/dist/cjs.js):
Deprecation The legacy JS API is deprecated and will be removed in Dart Sass 2.0.0.

More info: https://sass-lang.com/d/legacy-js-api
    at Object.emitWarning (/Users/TYFong/.pyenv/versions/3.9.18/envs/invenio_cern/var/instance/assets/node_modules/webpack/lib/NormalModule.js:714:6)
    at warn (/Users/TYFong/.pyenv/versions/3.9.18/envs/invenio_cern/var/instance/assets/node_modules/sass-loader/dist/utils.js:146:25)
    at Function.call$2 (/Users/TYFong/.pyenv/versions/3.9.18/envs/invenio_cern/var/instance/assets/node_modules/sass/sass.dart.js:127213:16)
    at JSToDartLogger.internalWarn$4$deprecation$span$trace (/Users/TYFong/.pyenv/versions/3.9.18/envs/invenio_cern/var/instance/assets/node_modules/sass/sass.dart.js:108104:14)
    at DeprecationProcessingLogger0._deprecation_processing$_handleDeprecation$4$span$trace (/Users/TYFong/.pyenv/versions/3.9.18/envs/invenio_cern/var/instance/assets/node_modules/sass/sass.dart.js:99562:44)
    at DeprecationProcessingLogger0.internalWarn$4$deprecation$span$trace (/Users/TYFong/.pyenv/versions/3.9.18/envs/invenio_cern/var/instance/assets/node_modules/sass/sass.dart.js:99514:14)
    at Object.WarnForDeprecation_warnForDeprecation0 (/Users/TYFong/.pyenv/versions/3.9.18/envs/invenio_cern/var/instance/assets/node_modules/sass/sass.dart.js:29358:13)
    at /Users/TYFong/.pyenv/versions/3.9.18/envs/invenio_cern/var/instance/assets/node_modules/sass/sass.dart.js:20771:19
    at _wrapJsFunctionForAsync_closure.$protected (/Users/TYFong/.pyenv/versions/3.9.18/envs/invenio_cern/var/instance/assets/node_modules/sass/sass.dart.js:5065:15)
    at _wrapJsFunctionForAsync_closure.call$2 (/Users/TYFong/.pyenv/versions/3.9.18/envs/invenio_cern/var/instance/assets/node_modules/sass/sass.dart.js:38102:12)
    at Object._asyncStartSync (/Users/TYFong/.pyenv/versions/3.9.18/envs/invenio_cern/var/instance/assets/node_modules/sass/sass.dart.js:5029:20)
    at Object._compileStylesheet2 (/Users/TYFong/.pyenv/versions/3.9.18/envs/invenio_cern/var/instance/assets/node_modules/sass/sass.dart.js:20790:16)
    at /Users/TYFong/.pyenv/versions/3.9.18/envs/invenio_cern/var/instance/assets/node_modules/sass/sass.dart.js:20743:38
    at _wrapJsFunctionForAsync_closure.$protected (/Users/TYFong/.pyenv/versions/3.9.18/envs/invenio_cern/var/instance/assets/node_modules/sass/sass.dart.js:5065:15)
    at _wrapJsFunctionForAsync_closure.call$2 (/Users/TYFong/.pyenv/versions/3.9.18/envs/invenio_cern/var/instance/assets/node_modules/sass/sass.dart.js:38102:12)
    at Object._asyncStartSync (/Users/TYFong/.pyenv/versions/3.9.18/envs/invenio_cern/var/instance/assets/node_modules/sass/sass.dart.js:5029:20)
    at Object.compileStringAsync0 (/Users/TYFong/.pyenv/versions/3.9.18/envs/invenio_cern/var/instance/assets/node_modules/sass/sass.dart.js:20757:16)
    at /Users/TYFong/.pyenv/versions/3.9.18/envs/invenio_cern/var/instance/assets/node_modules/sass/sass.dart.js:28699:38
    at _wrapJsFunctionForAsync_closure.$protected (/Users/TYFong/.pyenv/versions/3.9.18/envs/invenio_cern/var/instance/assets/node_modules/sass/sass.dart.js:5065:15)
    at _wrapJsFunctionForAsync_closure.call$2 (/Users/TYFong/.pyenv/versions/3.9.18/envs/invenio_cern/var/instance/assets/node_modules/sass/sass.dart.js:38102:12)
    at Object._asyncStartSync (/Users/TYFong/.pyenv/versions/3.9.18/envs/invenio_cern/var/instance/assets/node_modules/sass/sass.dart.js:5029:20)
    at Object._renderAsync (/Users/TYFong/.pyenv/versions/3.9.18/envs/invenio_cern/var/instance/assets/node_modules/sass/sass.dart.js:28757:16)
    at StaticClosure.render (/Users/TYFong/.pyenv/versions/3.9.18/envs/invenio_cern/var/instance/assets/node_modules/sass/sass.dart.js:28651:11)
    at Object.Primitives_applyFunction (/Users/TYFong/.pyenv/versions/3.9.18/envs/invenio_cern/var/instance/assets/node_modules/sass/sass.dart.js:2178:30)
    at Object.Function_apply (/Users/TYFong/.pyenv/versions/3.9.18/envs/invenio_cern/var/instance/assets/node_modules/sass/sass.dart.js:6516:16)
    at _callDartFunctionFast (/Users/TYFong/.pyenv/versions/3.9.18/envs/invenio_cern/var/instance/assets/node_modules/sass/sass.dart.js:8209:16)
    at sass.render (/Users/TYFong/.pyenv/versions/3.9.18/envs/invenio_cern/var/instance/assets/node_modules/sass/sass.dart.js:8187:18)
    at /Users/TYFong/.pyenv/versions/3.9.18/envs/invenio_cern/var/instance/assets/node_modules/sass-loader/dist/utils.js:547:22
    at new Promise (<anonymous>)
    at /Users/TYFong/.pyenv/versions/3.9.18/envs/invenio_cern/var/instance/assets/node_modules/sass-loader/dist/utils.js:546:27
    at Object.loader (/Users/TYFong/.pyenv/versions/3.9.18/envs/invenio_cern/var/instance/assets/node_modules/sass-loader/dist/index.js:51:20)
 @ ./scss/invenio_previewer/video_videojs.scss

WARNING in ./scss/invenio_previewer/zip.scss (./scss/invenio_previewer/zip.scss.webpack[javascript/auto]!=!./node_modules/css-loader/dist/cjs.js!./node_modules/sass-loader/dist/cjs.js!./scss/invenio_previewer/zip.scss)
Module Warning (from ./node_modules/sass-loader/dist/cjs.js):
Deprecation The legacy JS API is deprecated and will be removed in Dart Sass 2.0.0.

More info: https://sass-lang.com/d/legacy-js-api
ModuleWarning: Module Warning (from ./node_modules/sass-loader/dist/cjs.js):
Deprecation The legacy JS API is deprecated and will be removed in Dart Sass 2.0.0.

More info: https://sass-lang.com/d/legacy-js-api
    at Object.emitWarning (/Users/TYFong/.pyenv/versions/3.9.18/envs/invenio_cern/var/instance/assets/node_modules/webpack/lib/NormalModule.js:714:6)
    at warn (/Users/TYFong/.pyenv/versions/3.9.18/envs/invenio_cern/var/instance/assets/node_modules/sass-loader/dist/utils.js:146:25)
    at Function.call$2 (/Users/TYFong/.pyenv/versions/3.9.18/envs/invenio_cern/var/instance/assets/node_modules/sass/sass.dart.js:127213:16)
    at JSToDartLogger.internalWarn$4$deprecation$span$trace (/Users/TYFong/.pyenv/versions/3.9.18/envs/invenio_cern/var/instance/assets/node_modules/sass/sass.dart.js:108104:14)
    at DeprecationProcessingLogger0._deprecation_processing$_handleDeprecation$4$span$trace (/Users/TYFong/.pyenv/versions/3.9.18/envs/invenio_cern/var/instance/assets/node_modules/sass/sass.dart.js:99562:44)
    at DeprecationProcessingLogger0.internalWarn$4$deprecation$span$trace (/Users/TYFong/.pyenv/versions/3.9.18/envs/invenio_cern/var/instance/assets/node_modules/sass/sass.dart.js:99514:14)
    at Object.WarnForDeprecation_warnForDeprecation0 (/Users/TYFong/.pyenv/versions/3.9.18/envs/invenio_cern/var/instance/assets/node_modules/sass/sass.dart.js:29358:13)
    at /Users/TYFong/.pyenv/versions/3.9.18/envs/invenio_cern/var/instance/assets/node_modules/sass/sass.dart.js:20771:19
    at _wrapJsFunctionForAsync_closure.$protected (/Users/TYFong/.pyenv/versions/3.9.18/envs/invenio_cern/var/instance/assets/node_modules/sass/sass.dart.js:5065:15)
    at _wrapJsFunctionForAsync_closure.call$2 (/Users/TYFong/.pyenv/versions/3.9.18/envs/invenio_cern/var/instance/assets/node_modules/sass/sass.dart.js:38102:12)
    at Object._asyncStartSync (/Users/TYFong/.pyenv/versions/3.9.18/envs/invenio_cern/var/instance/assets/node_modules/sass/sass.dart.js:5029:20)
    at Object._compileStylesheet2 (/Users/TYFong/.pyenv/versions/3.9.18/envs/invenio_cern/var/instance/assets/node_modules/sass/sass.dart.js:20790:16)
    at /Users/TYFong/.pyenv/versions/3.9.18/envs/invenio_cern/var/instance/assets/node_modules/sass/sass.dart.js:20743:38
    at _wrapJsFunctionForAsync_closure.$protected (/Users/TYFong/.pyenv/versions/3.9.18/envs/invenio_cern/var/instance/assets/node_modules/sass/sass.dart.js:5065:15)
    at _wrapJsFunctionForAsync_closure.call$2 (/Users/TYFong/.pyenv/versions/3.9.18/envs/invenio_cern/var/instance/assets/node_modules/sass/sass.dart.js:38102:12)
    at Object._asyncStartSync (/Users/TYFong/.pyenv/versions/3.9.18/envs/invenio_cern/var/instance/assets/node_modules/sass/sass.dart.js:5029:20)
    at Object.compileStringAsync0 (/Users/TYFong/.pyenv/versions/3.9.18/envs/invenio_cern/var/instance/assets/node_modules/sass/sass.dart.js:20757:16)
    at /Users/TYFong/.pyenv/versions/3.9.18/envs/invenio_cern/var/instance/assets/node_modules/sass/sass.dart.js:28699:38
    at _wrapJsFunctionForAsync_closure.$protected (/Users/TYFong/.pyenv/versions/3.9.18/envs/invenio_cern/var/instance/assets/node_modules/sass/sass.dart.js:5065:15)
    at _wrapJsFunctionForAsync_closure.call$2 (/Users/TYFong/.pyenv/versions/3.9.18/envs/invenio_cern/var/instance/assets/node_modules/sass/sass.dart.js:38102:12)
    at Object._asyncStartSync (/Users/TYFong/.pyenv/versions/3.9.18/envs/invenio_cern/var/instance/assets/node_modules/sass/sass.dart.js:5029:20)
    at Object._renderAsync (/Users/TYFong/.pyenv/versions/3.9.18/envs/invenio_cern/var/instance/assets/node_modules/sass/sass.dart.js:28757:16)
    at StaticClosure.render (/Users/TYFong/.pyenv/versions/3.9.18/envs/invenio_cern/var/instance/assets/node_modules/sass/sass.dart.js:28651:11)
    at Object.Primitives_applyFunction (/Users/TYFong/.pyenv/versions/3.9.18/envs/invenio_cern/var/instance/assets/node_modules/sass/sass.dart.js:2178:30)
    at Object.Function_apply (/Users/TYFong/.pyenv/versions/3.9.18/envs/invenio_cern/var/instance/assets/node_modules/sass/sass.dart.js:6516:16)
    at _callDartFunctionFast (/Users/TYFong/.pyenv/versions/3.9.18/envs/invenio_cern/var/instance/assets/node_modules/sass/sass.dart.js:8209:16)
    at sass.render (/Users/TYFong/.pyenv/versions/3.9.18/envs/invenio_cern/var/instance/assets/node_modules/sass/sass.dart.js:8187:18)
    at /Users/TYFong/.pyenv/versions/3.9.18/envs/invenio_cern/var/instance/assets/node_modules/sass-loader/dist/utils.js:547:22
    at new Promise (<anonymous>)
    at /Users/TYFong/.pyenv/versions/3.9.18/envs/invenio_cern/var/instance/assets/node_modules/sass-loader/dist/utils.js:546:27
    at Object.loader (/Users/TYFong/.pyenv/versions/3.9.18/envs/invenio_cern/var/instance/assets/node_modules/sass-loader/dist/index.js:51:20)
 @ ./scss/invenio_previewer/zip.scss

WARNING in ./scss/invenio_theme/admin.scss (./scss/invenio_theme/admin.scss.webpack[javascript/auto]!=!./node_modules/css-loader/dist/cjs.js!./node_modules/sass-loader/dist/cjs.js!./scss/invenio_theme/admin.scss)
Module Warning (from ./node_modules/sass-loader/dist/cjs.js):
Deprecation The legacy JS API is deprecated and will be removed in Dart Sass 2.0.0.

More info: https://sass-lang.com/d/legacy-js-api
ModuleWarning: Module Warning (from ./node_modules/sass-loader/dist/cjs.js):
Deprecation The legacy JS API is deprecated and will be removed in Dart Sass 2.0.0.

More info: https://sass-lang.com/d/legacy-js-api
    at Object.emitWarning (/Users/TYFong/.pyenv/versions/3.9.18/envs/invenio_cern/var/instance/assets/node_modules/webpack/lib/NormalModule.js:714:6)
    at warn (/Users/TYFong/.pyenv/versions/3.9.18/envs/invenio_cern/var/instance/assets/node_modules/sass-loader/dist/utils.js:146:25)
    at Function.call$2 (/Users/TYFong/.pyenv/versions/3.9.18/envs/invenio_cern/var/instance/assets/node_modules/sass/sass.dart.js:127213:16)
    at JSToDartLogger.internalWarn$4$deprecation$span$trace (/Users/TYFong/.pyenv/versions/3.9.18/envs/invenio_cern/var/instance/assets/node_modules/sass/sass.dart.js:108104:14)
    at DeprecationProcessingLogger0._deprecation_processing$_handleDeprecation$4$span$trace (/Users/TYFong/.pyenv/versions/3.9.18/envs/invenio_cern/var/instance/assets/node_modules/sass/sass.dart.js:99562:44)
    at DeprecationProcessingLogger0.internalWarn$4$deprecation$span$trace (/Users/TYFong/.pyenv/versions/3.9.18/envs/invenio_cern/var/instance/assets/node_modules/sass/sass.dart.js:99514:14)
    at Object.WarnForDeprecation_warnForDeprecation0 (/Users/TYFong/.pyenv/versions/3.9.18/envs/invenio_cern/var/instance/assets/node_modules/sass/sass.dart.js:29358:13)
    at /Users/TYFong/.pyenv/versions/3.9.18/envs/invenio_cern/var/instance/assets/node_modules/sass/sass.dart.js:20771:19
    at _wrapJsFunctionForAsync_closure.$protected (/Users/TYFong/.pyenv/versions/3.9.18/envs/invenio_cern/var/instance/assets/node_modules/sass/sass.dart.js:5065:15)
    at _wrapJsFunctionForAsync_closure.call$2 (/Users/TYFong/.pyenv/versions/3.9.18/envs/invenio_cern/var/instance/assets/node_modules/sass/sass.dart.js:38102:12)
    at Object._asyncStartSync (/Users/TYFong/.pyenv/versions/3.9.18/envs/invenio_cern/var/instance/assets/node_modules/sass/sass.dart.js:5029:20)
    at Object._compileStylesheet2 (/Users/TYFong/.pyenv/versions/3.9.18/envs/invenio_cern/var/instance/assets/node_modules/sass/sass.dart.js:20790:16)
    at /Users/TYFong/.pyenv/versions/3.9.18/envs/invenio_cern/var/instance/assets/node_modules/sass/sass.dart.js:20743:38
    at _wrapJsFunctionForAsync_closure.$protected (/Users/TYFong/.pyenv/versions/3.9.18/envs/invenio_cern/var/instance/assets/node_modules/sass/sass.dart.js:5065:15)
    at _wrapJsFunctionForAsync_closure.call$2 (/Users/TYFong/.pyenv/versions/3.9.18/envs/invenio_cern/var/instance/assets/node_modules/sass/sass.dart.js:38102:12)
    at Object._asyncStartSync (/Users/TYFong/.pyenv/versions/3.9.18/envs/invenio_cern/var/instance/assets/node_modules/sass/sass.dart.js:5029:20)
    at Object.compileStringAsync0 (/Users/TYFong/.pyenv/versions/3.9.18/envs/invenio_cern/var/instance/assets/node_modules/sass/sass.dart.js:20757:16)
    at /Users/TYFong/.pyenv/versions/3.9.18/envs/invenio_cern/var/instance/assets/node_modules/sass/sass.dart.js:28699:38
    at _wrapJsFunctionForAsync_closure.$protected (/Users/TYFong/.pyenv/versions/3.9.18/envs/invenio_cern/var/instance/assets/node_modules/sass/sass.dart.js:5065:15)
    at _wrapJsFunctionForAsync_closure.call$2 (/Users/TYFong/.pyenv/versions/3.9.18/envs/invenio_cern/var/instance/assets/node_modules/sass/sass.dart.js:38102:12)
    at Object._asyncStartSync (/Users/TYFong/.pyenv/versions/3.9.18/envs/invenio_cern/var/instance/assets/node_modules/sass/sass.dart.js:5029:20)
    at Object._renderAsync (/Users/TYFong/.pyenv/versions/3.9.18/envs/invenio_cern/var/instance/assets/node_modules/sass/sass.dart.js:28757:16)
    at StaticClosure.render (/Users/TYFong/.pyenv/versions/3.9.18/envs/invenio_cern/var/instance/assets/node_modules/sass/sass.dart.js:28651:11)
    at Object.Primitives_applyFunction (/Users/TYFong/.pyenv/versions/3.9.18/envs/invenio_cern/var/instance/assets/node_modules/sass/sass.dart.js:2178:30)
    at Object.Function_apply (/Users/TYFong/.pyenv/versions/3.9.18/envs/invenio_cern/var/instance/assets/node_modules/sass/sass.dart.js:6516:16)
    at _callDartFunctionFast (/Users/TYFong/.pyenv/versions/3.9.18/envs/invenio_cern/var/instance/assets/node_modules/sass/sass.dart.js:8209:16)
    at sass.render (/Users/TYFong/.pyenv/versions/3.9.18/envs/invenio_cern/var/instance/assets/node_modules/sass/sass.dart.js:8187:18)
    at /Users/TYFong/.pyenv/versions/3.9.18/envs/invenio_cern/var/instance/assets/node_modules/sass-loader/dist/utils.js:547:22
    at new Promise (<anonymous>)
    at /Users/TYFong/.pyenv/versions/3.9.18/envs/invenio_cern/var/instance/assets/node_modules/sass-loader/dist/utils.js:546:27
    at Object.loader (/Users/TYFong/.pyenv/versions/3.9.18/envs/invenio_cern/var/instance/assets/node_modules/sass-loader/dist/index.js:51:20)
 @ ./scss/invenio_theme/admin.scss

WARNING in ./scss/invenio_theme/admin.scss (./scss/invenio_theme/admin.scss.webpack[javascript/auto]!=!./node_modules/css-loader/dist/cjs.js!./node_modules/sass-loader/dist/cjs.js!./scss/invenio_theme/admin.scss)
Module Warning (from ./node_modules/sass-loader/dist/cjs.js):
Deprecation Warning on line 8, column 8 of file:///Users/TYFong/.pyenv/versions/3.9.18/envs/invenio_cern/var/instance/assets/scss/invenio_theme/admin.scss:8:8:
Sass @import rules are deprecated and will be removed in Dart Sass 3.0.0.

More info and automated migrator: https://sass-lang.com/d/import

8 | @import "~admin-lte/dist/css/AdminLTE";


scss/invenio_theme/admin.scss 9:9  root stylesheet
ModuleWarning: Module Warning (from ./node_modules/sass-loader/dist/cjs.js):
Deprecation Warning on line 8, column 8 of file:///Users/TYFong/.pyenv/versions/3.9.18/envs/invenio_cern/var/instance/assets/scss/invenio_theme/admin.scss:8:8:
Sass @import rules are deprecated and will be removed in Dart Sass 3.0.0.

More info and automated migrator: https://sass-lang.com/d/import

8 | @import "~admin-lte/dist/css/AdminLTE";


scss/invenio_theme/admin.scss 9:9  root stylesheet

    at Object.emitWarning (/Users/TYFong/.pyenv/versions/3.9.18/envs/invenio_cern/var/instance/assets/node_modules/webpack/lib/NormalModule.js:714:6)
    at warn (/Users/TYFong/.pyenv/versions/3.9.18/envs/invenio_cern/var/instance/assets/node_modules/sass-loader/dist/utils.js:146:25)
    at Function.call$2 (/Users/TYFong/.pyenv/versions/3.9.18/envs/invenio_cern/var/instance/assets/node_modules/sass/sass.dart.js:127213:16)
    at JSToDartLogger.internalWarn$4$deprecation$span$trace (/Users/TYFong/.pyenv/versions/3.9.18/envs/invenio_cern/var/instance/assets/node_modules/sass/sass.dart.js:108104:14)
    at DeprecationProcessingLogger0._deprecation_processing$_handleDeprecation$4$span$trace (/Users/TYFong/.pyenv/versions/3.9.18/envs/invenio_cern/var/instance/assets/node_modules/sass/sass.dart.js:99562:44)
    at DeprecationProcessingLogger0.internalWarn$4$deprecation$span$trace (/Users/TYFong/.pyenv/versions/3.9.18/envs/invenio_cern/var/instance/assets/node_modules/sass/sass.dart.js:99514:14)
    at Object.WarnForDeprecation_warnForDeprecation0 (/Users/TYFong/.pyenv/versions/3.9.18/envs/invenio_cern/var/instance/assets/node_modules/sass/sass.dart.js:29358:13)
    at _EvaluateVisitor2._async_evaluate0$_warn$3 (/Users/TYFong/.pyenv/versions/3.9.18/envs/invenio_cern/var/instance/assets/node_modules/sass/sass.dart.js:91149:11)
    at /Users/TYFong/.pyenv/versions/3.9.18/envs/invenio_cern/var/instance/assets/node_modules/sass/sass.dart.js:86447:29
    at _wrapJsFunctionForAsync_closure.$protected (/Users/TYFong/.pyenv/versions/3.9.18/envs/invenio_cern/var/instance/assets/node_modules/sass/sass.dart.js:5065:15)
    at _wrapJsFunctionForAsync_closure.call$2 (/Users/TYFong/.pyenv/versions/3.9.18/envs/invenio_cern/var/instance/assets/node_modules/sass/sass.dart.js:38102:12)
    at Object._asyncStartSync (/Users/TYFong/.pyenv/versions/3.9.18/envs/invenio_cern/var/instance/assets/node_modules/sass/sass.dart.js:5029:20)
    at _EvaluateVisitor2.visitStylesheet$body$_EvaluateVisitor0 (/Users/TYFong/.pyenv/versions/3.9.18/envs/invenio_cern/var/instance/assets/node_modules/sass/sass.dart.js:86484:16)
    at _EvaluateVisitor2.visitStylesheet$1 (/Users/TYFong/.pyenv/versions/3.9.18/envs/invenio_cern/var/instance/assets/node_modules/sass/sass.dart.js:86430:19)
    at /Users/TYFong/.pyenv/versions/3.9.18/envs/invenio_cern/var/instance/assets/node_modules/sass/sass.dart.js:91951:39
    at _wrapJsFunctionForAsync_closure.$protected (/Users/TYFong/.pyenv/versions/3.9.18/envs/invenio_cern/var/instance/assets/node_modules/sass/sass.dart.js:5065:15)
    at _wrapJsFunctionForAsync_closure.call$2 (/Users/TYFong/.pyenv/versions/3.9.18/envs/invenio_cern/var/instance/assets/node_modules/sass/sass.dart.js:38102:12)
    at Object._asyncStartSync (/Users/TYFong/.pyenv/versions/3.9.18/envs/invenio_cern/var/instance/assets/node_modules/sass/sass.dart.js:5029:20)
    at _EvaluateVisitor__execute_closure2.call$0 (/Users/TYFong/.pyenv/versions/3.9.18/envs/invenio_cern/var/instance/assets/node_modules/sass/sass.dart.js:91976:16)
    at /Users/TYFong/.pyenv/versions/3.9.18/envs/invenio_cern/var/instance/assets/node_modules/sass/sass.dart.js:90707:45
    at _wrapJsFunctionForAsync_closure.$protected (/Users/TYFong/.pyenv/versions/3.9.18/envs/invenio_cern/var/instance/assets/node_modules/sass/sass.dart.js:5065:15)
    at _wrapJsFunctionForAsync_closure.call$2 (/Users/TYFong/.pyenv/versions/3.9.18/envs/invenio_cern/var/instance/assets/node_modules/sass/sass.dart.js:38102:12)
    at Object._asyncStartSync (/Users/TYFong/.pyenv/versions/3.9.18/envs/invenio_cern/var/instance/assets/node_modules/sass/sass.dart.js:5029:20)
    at _EvaluateVisitor2._withEnvironment$body$_EvaluateVisitor0 (/Users/TYFong/.pyenv/versions/3.9.18/envs/invenio_cern/var/instance/assets/node_modules/sass/sass.dart.js:90721:16)
    at _EvaluateVisitor2._async_evaluate0$_withEnvironment$1$2 (/Users/TYFong/.pyenv/versions/3.9.18/envs/invenio_cern/var/instance/assets/node_modules/sass/sass.dart.js:90691:19)
    at /Users/TYFong/.pyenv/versions/3.9.18/envs/invenio_cern/var/instance/assets/node_modules/sass/sass.dart.js:86318:48
    at _wrapJsFunctionForAsync_closure.$protected (/Users/TYFong/.pyenv/versions/3.9.18/envs/invenio_cern/var/instance/assets/node_modules/sass/sass.dart.js:5065:15)
    at _wrapJsFunctionForAsync_closure.call$2 (/Users/TYFong/.pyenv/versions/3.9.18/envs/invenio_cern/var/instance/assets/node_modules/sass/sass.dart.js:38102:12)
    at Object._asyncStartSync (/Users/TYFong/.pyenv/versions/3.9.18/envs/invenio_cern/var/instance/assets/node_modules/sass/sass.dart.js:5029:20)
    at _EvaluateVisitor2._execute$body$_EvaluateVisitor0 (/Users/TYFong/.pyenv/versions/3.9.18/envs/invenio_cern/var/instance/assets/node_modules/sass/sass.dart.js:86339:16)
    at _EvaluateVisitor2._async_evaluate0$_execute$5$configuration$namesInErrors$nodeWithSpan (/Users/TYFong/.pyenv/versions/3.9.18/envs/invenio_cern/var/instance/assets/node_modules/sass/sass.dart.js:86261:19)
    at _EvaluateVisitor2._async_evaluate0$_execute$2 (/Users/TYFong/.pyenv/versions/3.9.18/envs/invenio_cern/var/instance/assets/node_modules/sass/sass.dart.js:86264:19)
    at _EvaluateVisitor_run__closure2.call$0 (/Users/TYFong/.pyenv/versions/3.9.18/envs/invenio_cern/var/instance/assets/node_modules/sass/sass.dart.js:91799:25)
    at /Users/TYFong/.pyenv/versions/3.9.18/envs/invenio_cern/var/instance/assets/node_modules/sass/sass.dart.js:91274:29
    at _wrapJsFunctionForAsync_closure.$protected (/Users/TYFong/.pyenv/versions/3.9.18/envs/invenio_cern/var/instance/assets/node_modules/sass/sass.dart.js:5065:15)
    at _wrapJsFunctionForAsync_closure.call$2 (/Users/TYFong/.pyenv/versions/3.9.18/envs/invenio_cern/var/instance/assets/node_modules/sass/sass.dart.js:38102:12)
    at Object._asyncStartSync (/Users/TYFong/.pyenv/versions/3.9.18/envs/invenio_cern/var/instance/assets/node_modules/sass/sass.dart.js:5029:20)
    at _EvaluateVisitor2._addExceptionTrace$body$_EvaluateVisitor0 (/Users/TYFong/.pyenv/versions/3.9.18/envs/invenio_cern/var/instance/assets/node_modules/sass/sass.dart.js:91321:16)
    at _EvaluateVisitor2._async_evaluate0$_addExceptionTrace$1$1 (/Users/TYFong/.pyenv/versions/3.9.18/envs/invenio_cern/var/instance/assets/node_modules/sass/sass.dart.js:91258:19)
    at /Users/TYFong/.pyenv/versions/3.9.18/envs/invenio_cern/var/instance/assets/node_modules/sass/sass.dart.js:91780:39
    at _wrapJsFunctionForAsync_closure.$protected (/Users/TYFong/.pyenv/versions/3.9.18/envs/invenio_cern/var/instance/assets/node_modules/sass/sass.dart.js:5065:15)
    at _wrapJsFunctionForAsync_closure.call$2 (/Users/TYFong/.pyenv/versions/3.9.18/envs/invenio_cern/var/instance/assets/node_modules/sass/sass.dart.js:38102:12)
    at Object._asyncStartSync (/Users/TYFong/.pyenv/versions/3.9.18/envs/invenio_cern/var/instance/assets/node_modules/sass/sass.dart.js:5029:20)
    at _EvaluateVisitor_run_closure2.call$0 (/Users/TYFong/.pyenv/versions/3.9.18/envs/invenio_cern/var/instance/assets/node_modules/sass/sass.dart.js:91793:16)
    at Object._rootRun (/Users/TYFong/.pyenv/versions/3.9.18/envs/invenio_cern/var/instance/assets/node_modules/sass/sass.dart.js:5469:16)
    at StaticClosure.<anonymous> (/Users/TYFong/.pyenv/versions/3.9.18/envs/invenio_cern/var/instance/assets/node_modules/sass/sass.dart.js:124379:16)
    at _CustomZone.run$1$1 (/Users/TYFong/.pyenv/versions/3.9.18/envs/invenio_cern/var/instance/assets/node_modules/sass/sass.dart.js:39572:39)
    at Object._runZoned (/Users/TYFong/.pyenv/versions/3.9.18/envs/invenio_cern/var/instance/assets/node_modules/sass/sass.dart.js:5561:89)
    at Object.runZoned (/Users/TYFong/.pyenv/versions/3.9.18/envs/invenio_cern/var/instance/assets/node_modules/sass/sass.dart.js:5558:16)
    at /Users/TYFong/.pyenv/versions/3.9.18/envs/invenio_cern/var/instance/assets/node_modules/sass/sass.dart.js:86154:22
 @ ./scss/invenio_theme/admin.scss

WARNING in ./scss/invenio_theme/admin.scss (./scss/invenio_theme/admin.scss.webpack[javascript/auto]!=!./node_modules/css-loader/dist/cjs.js!./node_modules/sass-loader/dist/cjs.js!./scss/invenio_theme/admin.scss)
Module Warning (from ./node_modules/sass-loader/dist/cjs.js):
Deprecation Warning on line 9, column 8 of file:///Users/TYFong/.pyenv/versions/3.9.18/envs/invenio_cern/var/instance/assets/scss/invenio_theme/admin.scss:9:8:
Sass @import rules are deprecated and will be removed in Dart Sass 3.0.0.

More info and automated migrator: https://sass-lang.com/d/import

9 | @import "~admin-lte/dist/css/skins/skin-blue";


scss/invenio_theme/admin.scss 10:9  root stylesheet
ModuleWarning: Module Warning (from ./node_modules/sass-loader/dist/cjs.js):
Deprecation Warning on line 9, column 8 of file:///Users/TYFong/.pyenv/versions/3.9.18/envs/invenio_cern/var/instance/assets/scss/invenio_theme/admin.scss:9:8:
Sass @import rules are deprecated and will be removed in Dart Sass 3.0.0.

More info and automated migrator: https://sass-lang.com/d/import

9 | @import "~admin-lte/dist/css/skins/skin-blue";


scss/invenio_theme/admin.scss 10:9  root stylesheet

    at Object.emitWarning (/Users/TYFong/.pyenv/versions/3.9.18/envs/invenio_cern/var/instance/assets/node_modules/webpack/lib/NormalModule.js:714:6)
    at warn (/Users/TYFong/.pyenv/versions/3.9.18/envs/invenio_cern/var/instance/assets/node_modules/sass-loader/dist/utils.js:146:25)
    at Function.call$2 (/Users/TYFong/.pyenv/versions/3.9.18/envs/invenio_cern/var/instance/assets/node_modules/sass/sass.dart.js:127213:16)
    at JSToDartLogger.internalWarn$4$deprecation$span$trace (/Users/TYFong/.pyenv/versions/3.9.18/envs/invenio_cern/var/instance/assets/node_modules/sass/sass.dart.js:108104:14)
    at DeprecationProcessingLogger0._deprecation_processing$_handleDeprecation$4$span$trace (/Users/TYFong/.pyenv/versions/3.9.18/envs/invenio_cern/var/instance/assets/node_modules/sass/sass.dart.js:99562:44)
    at DeprecationProcessingLogger0.internalWarn$4$deprecation$span$trace (/Users/TYFong/.pyenv/versions/3.9.18/envs/invenio_cern/var/instance/assets/node_modules/sass/sass.dart.js:99514:14)
    at Object.WarnForDeprecation_warnForDeprecation0 (/Users/TYFong/.pyenv/versions/3.9.18/envs/invenio_cern/var/instance/assets/node_modules/sass/sass.dart.js:29358:13)
    at _EvaluateVisitor2._async_evaluate0$_warn$3 (/Users/TYFong/.pyenv/versions/3.9.18/envs/invenio_cern/var/instance/assets/node_modules/sass/sass.dart.js:91149:11)
    at /Users/TYFong/.pyenv/versions/3.9.18/envs/invenio_cern/var/instance/assets/node_modules/sass/sass.dart.js:86447:29
    at _wrapJsFunctionForAsync_closure.$protected (/Users/TYFong/.pyenv/versions/3.9.18/envs/invenio_cern/var/instance/assets/node_modules/sass/sass.dart.js:5065:15)
    at _wrapJsFunctionForAsync_closure.call$2 (/Users/TYFong/.pyenv/versions/3.9.18/envs/invenio_cern/var/instance/assets/node_modules/sass/sass.dart.js:38102:12)
    at Object._asyncStartSync (/Users/TYFong/.pyenv/versions/3.9.18/envs/invenio_cern/var/instance/assets/node_modules/sass/sass.dart.js:5029:20)
    at _EvaluateVisitor2.visitStylesheet$body$_EvaluateVisitor0 (/Users/TYFong/.pyenv/versions/3.9.18/envs/invenio_cern/var/instance/assets/node_modules/sass/sass.dart.js:86484:16)
    at _EvaluateVisitor2.visitStylesheet$1 (/Users/TYFong/.pyenv/versions/3.9.18/envs/invenio_cern/var/instance/assets/node_modules/sass/sass.dart.js:86430:19)
    at /Users/TYFong/.pyenv/versions/3.9.18/envs/invenio_cern/var/instance/assets/node_modules/sass/sass.dart.js:91951:39
    at _wrapJsFunctionForAsync_closure.$protected (/Users/TYFong/.pyenv/versions/3.9.18/envs/invenio_cern/var/instance/assets/node_modules/sass/sass.dart.js:5065:15)
    at _wrapJsFunctionForAsync_closure.call$2 (/Users/TYFong/.pyenv/versions/3.9.18/envs/invenio_cern/var/instance/assets/node_modules/sass/sass.dart.js:38102:12)
    at Object._asyncStartSync (/Users/TYFong/.pyenv/versions/3.9.18/envs/invenio_cern/var/instance/assets/node_modules/sass/sass.dart.js:5029:20)
    at _EvaluateVisitor__execute_closure2.call$0 (/Users/TYFong/.pyenv/versions/3.9.18/envs/invenio_cern/var/instance/assets/node_modules/sass/sass.dart.js:91976:16)
    at /Users/TYFong/.pyenv/versions/3.9.18/envs/invenio_cern/var/instance/assets/node_modules/sass/sass.dart.js:90707:45
    at _wrapJsFunctionForAsync_closure.$protected (/Users/TYFong/.pyenv/versions/3.9.18/envs/invenio_cern/var/instance/assets/node_modules/sass/sass.dart.js:5065:15)
    at _wrapJsFunctionForAsync_closure.call$2 (/Users/TYFong/.pyenv/versions/3.9.18/envs/invenio_cern/var/instance/assets/node_modules/sass/sass.dart.js:38102:12)
    at Object._asyncStartSync (/Users/TYFong/.pyenv/versions/3.9.18/envs/invenio_cern/var/instance/assets/node_modules/sass/sass.dart.js:5029:20)
    at _EvaluateVisitor2._withEnvironment$body$_EvaluateVisitor0 (/Users/TYFong/.pyenv/versions/3.9.18/envs/invenio_cern/var/instance/assets/node_modules/sass/sass.dart.js:90721:16)
    at _EvaluateVisitor2._async_evaluate0$_withEnvironment$1$2 (/Users/TYFong/.pyenv/versions/3.9.18/envs/invenio_cern/var/instance/assets/node_modules/sass/sass.dart.js:90691:19)
    at /Users/TYFong/.pyenv/versions/3.9.18/envs/invenio_cern/var/instance/assets/node_modules/sass/sass.dart.js:86318:48
    at _wrapJsFunctionForAsync_closure.$protected (/Users/TYFong/.pyenv/versions/3.9.18/envs/invenio_cern/var/instance/assets/node_modules/sass/sass.dart.js:5065:15)
    at _wrapJsFunctionForAsync_closure.call$2 (/Users/TYFong/.pyenv/versions/3.9.18/envs/invenio_cern/var/instance/assets/node_modules/sass/sass.dart.js:38102:12)
    at Object._asyncStartSync (/Users/TYFong/.pyenv/versions/3.9.18/envs/invenio_cern/var/instance/assets/node_modules/sass/sass.dart.js:5029:20)
    at _EvaluateVisitor2._execute$body$_EvaluateVisitor0 (/Users/TYFong/.pyenv/versions/3.9.18/envs/invenio_cern/var/instance/assets/node_modules/sass/sass.dart.js:86339:16)
    at _EvaluateVisitor2._async_evaluate0$_execute$5$configuration$namesInErrors$nodeWithSpan (/Users/TYFong/.pyenv/versions/3.9.18/envs/invenio_cern/var/instance/assets/node_modules/sass/sass.dart.js:86261:19)
    at _EvaluateVisitor2._async_evaluate0$_execute$2 (/Users/TYFong/.pyenv/versions/3.9.18/envs/invenio_cern/var/instance/assets/node_modules/sass/sass.dart.js:86264:19)
    at _EvaluateVisitor_run__closure2.call$0 (/Users/TYFong/.pyenv/versions/3.9.18/envs/invenio_cern/var/instance/assets/node_modules/sass/sass.dart.js:91799:25)
    at /Users/TYFong/.pyenv/versions/3.9.18/envs/invenio_cern/var/instance/assets/node_modules/sass/sass.dart.js:91274:29
    at _wrapJsFunctionForAsync_closure.$protected (/Users/TYFong/.pyenv/versions/3.9.18/envs/invenio_cern/var/instance/assets/node_modules/sass/sass.dart.js:5065:15)
    at _wrapJsFunctionForAsync_closure.call$2 (/Users/TYFong/.pyenv/versions/3.9.18/envs/invenio_cern/var/instance/assets/node_modules/sass/sass.dart.js:38102:12)
    at Object._asyncStartSync (/Users/TYFong/.pyenv/versions/3.9.18/envs/invenio_cern/var/instance/assets/node_modules/sass/sass.dart.js:5029:20)
    at _EvaluateVisitor2._addExceptionTrace$body$_EvaluateVisitor0 (/Users/TYFong/.pyenv/versions/3.9.18/envs/invenio_cern/var/instance/assets/node_modules/sass/sass.dart.js:91321:16)
    at _EvaluateVisitor2._async_evaluate0$_addExceptionTrace$1$1 (/Users/TYFong/.pyenv/versions/3.9.18/envs/invenio_cern/var/instance/assets/node_modules/sass/sass.dart.js:91258:19)
    at /Users/TYFong/.pyenv/versions/3.9.18/envs/invenio_cern/var/instance/assets/node_modules/sass/sass.dart.js:91780:39
    at _wrapJsFunctionForAsync_closure.$protected (/Users/TYFong/.pyenv/versions/3.9.18/envs/invenio_cern/var/instance/assets/node_modules/sass/sass.dart.js:5065:15)
    at _wrapJsFunctionForAsync_closure.call$2 (/Users/TYFong/.pyenv/versions/3.9.18/envs/invenio_cern/var/instance/assets/node_modules/sass/sass.dart.js:38102:12)
    at Object._asyncStartSync (/Users/TYFong/.pyenv/versions/3.9.18/envs/invenio_cern/var/instance/assets/node_modules/sass/sass.dart.js:5029:20)
    at _EvaluateVisitor_run_closure2.call$0 (/Users/TYFong/.pyenv/versions/3.9.18/envs/invenio_cern/var/instance/assets/node_modules/sass/sass.dart.js:91793:16)
    at Object._rootRun (/Users/TYFong/.pyenv/versions/3.9.18/envs/invenio_cern/var/instance/assets/node_modules/sass/sass.dart.js:5469:16)
    at StaticClosure.<anonymous> (/Users/TYFong/.pyenv/versions/3.9.18/envs/invenio_cern/var/instance/assets/node_modules/sass/sass.dart.js:124379:16)
    at _CustomZone.run$1$1 (/Users/TYFong/.pyenv/versions/3.9.18/envs/invenio_cern/var/instance/assets/node_modules/sass/sass.dart.js:39572:39)
    at Object._runZoned (/Users/TYFong/.pyenv/versions/3.9.18/envs/invenio_cern/var/instance/assets/node_modules/sass/sass.dart.js:5561:89)
    at Object.runZoned (/Users/TYFong/.pyenv/versions/3.9.18/envs/invenio_cern/var/instance/assets/node_modules/sass/sass.dart.js:5558:16)
    at /Users/TYFong/.pyenv/versions/3.9.18/envs/invenio_cern/var/instance/assets/node_modules/sass/sass.dart.js:86154:22
 @ ./scss/invenio_theme/admin.scss

WARNING in ./scss/invenio_theme/admin.scss (./scss/invenio_theme/admin.scss.webpack[javascript/auto]!=!./node_modules/css-loader/dist/cjs.js!./node_modules/sass-loader/dist/cjs.js!./scss/invenio_theme/admin.scss)
Module Warning (from ./node_modules/sass-loader/dist/cjs.js):
Deprecation Warning on line 10, column 8 of file:///Users/TYFong/.pyenv/versions/3.9.18/envs/invenio_cern/var/instance/assets/scss/invenio_theme/admin.scss:10:8:
Sass @import rules are deprecated and will be removed in Dart Sass 3.0.0.

More info and automated migrator: https://sass-lang.com/d/import

10 | @import "~select2/dist/css/select2";


scss/invenio_theme/admin.scss 11:9  root stylesheet
ModuleWarning: Module Warning (from ./node_modules/sass-loader/dist/cjs.js):
Deprecation Warning on line 10, column 8 of file:///Users/TYFong/.pyenv/versions/3.9.18/envs/invenio_cern/var/instance/assets/scss/invenio_theme/admin.scss:10:8:
Sass @import rules are deprecated and will be removed in Dart Sass 3.0.0.

More info and automated migrator: https://sass-lang.com/d/import

10 | @import "~select2/dist/css/select2";


scss/invenio_theme/admin.scss 11:9  root stylesheet

    at Object.emitWarning (/Users/TYFong/.pyenv/versions/3.9.18/envs/invenio_cern/var/instance/assets/node_modules/webpack/lib/NormalModule.js:714:6)
    at warn (/Users/TYFong/.pyenv/versions/3.9.18/envs/invenio_cern/var/instance/assets/node_modules/sass-loader/dist/utils.js:146:25)
    at Function.call$2 (/Users/TYFong/.pyenv/versions/3.9.18/envs/invenio_cern/var/instance/assets/node_modules/sass/sass.dart.js:127213:16)
    at JSToDartLogger.internalWarn$4$deprecation$span$trace (/Users/TYFong/.pyenv/versions/3.9.18/envs/invenio_cern/var/instance/assets/node_modules/sass/sass.dart.js:108104:14)
    at DeprecationProcessingLogger0._deprecation_processing$_handleDeprecation$4$span$trace (/Users/TYFong/.pyenv/versions/3.9.18/envs/invenio_cern/var/instance/assets/node_modules/sass/sass.dart.js:99562:44)
    at DeprecationProcessingLogger0.internalWarn$4$deprecation$span$trace (/Users/TYFong/.pyenv/versions/3.9.18/envs/invenio_cern/var/instance/assets/node_modules/sass/sass.dart.js:99514:14)
    at Object.WarnForDeprecation_warnForDeprecation0 (/Users/TYFong/.pyenv/versions/3.9.18/envs/invenio_cern/var/instance/assets/node_modules/sass/sass.dart.js:29358:13)
    at _EvaluateVisitor2._async_evaluate0$_warn$3 (/Users/TYFong/.pyenv/versions/3.9.18/envs/invenio_cern/var/instance/assets/node_modules/sass/sass.dart.js:91149:11)
    at /Users/TYFong/.pyenv/versions/3.9.18/envs/invenio_cern/var/instance/assets/node_modules/sass/sass.dart.js:86447:29
    at _wrapJsFunctionForAsync_closure.$protected (/Users/TYFong/.pyenv/versions/3.9.18/envs/invenio_cern/var/instance/assets/node_modules/sass/sass.dart.js:5065:15)
    at _wrapJsFunctionForAsync_closure.call$2 (/Users/TYFong/.pyenv/versions/3.9.18/envs/invenio_cern/var/instance/assets/node_modules/sass/sass.dart.js:38102:12)
    at Object._asyncStartSync (/Users/TYFong/.pyenv/versions/3.9.18/envs/invenio_cern/var/instance/assets/node_modules/sass/sass.dart.js:5029:20)
    at _EvaluateVisitor2.visitStylesheet$body$_EvaluateVisitor0 (/Users/TYFong/.pyenv/versions/3.9.18/envs/invenio_cern/var/instance/assets/node_modules/sass/sass.dart.js:86484:16)
    at _EvaluateVisitor2.visitStylesheet$1 (/Users/TYFong/.pyenv/versions/3.9.18/envs/invenio_cern/var/instance/assets/node_modules/sass/sass.dart.js:86430:19)
    at /Users/TYFong/.pyenv/versions/3.9.18/envs/invenio_cern/var/instance/assets/node_modules/sass/sass.dart.js:91951:39
    at _wrapJsFunctionForAsync_closure.$protected (/Users/TYFong/.pyenv/versions/3.9.18/envs/invenio_cern/var/instance/assets/node_modules/sass/sass.dart.js:5065:15)
    at _wrapJsFunctionForAsync_closure.call$2 (/Users/TYFong/.pyenv/versions/3.9.18/envs/invenio_cern/var/instance/assets/node_modules/sass/sass.dart.js:38102:12)
    at Object._asyncStartSync (/Users/TYFong/.pyenv/versions/3.9.18/envs/invenio_cern/var/instance/assets/node_modules/sass/sass.dart.js:5029:20)
    at _EvaluateVisitor__execute_closure2.call$0 (/Users/TYFong/.pyenv/versions/3.9.18/envs/invenio_cern/var/instance/assets/node_modules/sass/sass.dart.js:91976:16)
    at /Users/TYFong/.pyenv/versions/3.9.18/envs/invenio_cern/var/instance/assets/node_modules/sass/sass.dart.js:90707:45
    at _wrapJsFunctionForAsync_closure.$protected (/Users/TYFong/.pyenv/versions/3.9.18/envs/invenio_cern/var/instance/assets/node_modules/sass/sass.dart.js:5065:15)
    at _wrapJsFunctionForAsync_closure.call$2 (/Users/TYFong/.pyenv/versions/3.9.18/envs/invenio_cern/var/instance/assets/node_modules/sass/sass.dart.js:38102:12)
    at Object._asyncStartSync (/Users/TYFong/.pyenv/versions/3.9.18/envs/invenio_cern/var/instance/assets/node_modules/sass/sass.dart.js:5029:20)
    at _EvaluateVisitor2._withEnvironment$body$_EvaluateVisitor0 (/Users/TYFong/.pyenv/versions/3.9.18/envs/invenio_cern/var/instance/assets/node_modules/sass/sass.dart.js:90721:16)
    at _EvaluateVisitor2._async_evaluate0$_withEnvironment$1$2 (/Users/TYFong/.pyenv/versions/3.9.18/envs/invenio_cern/var/instance/assets/node_modules/sass/sass.dart.js:90691:19)
    at /Users/TYFong/.pyenv/versions/3.9.18/envs/invenio_cern/var/instance/assets/node_modules/sass/sass.dart.js:86318:48
    at _wrapJsFunctionForAsync_closure.$protected (/Users/TYFong/.pyenv/versions/3.9.18/envs/invenio_cern/var/instance/assets/node_modules/sass/sass.dart.js:5065:15)
    at _wrapJsFunctionForAsync_closure.call$2 (/Users/TYFong/.pyenv/versions/3.9.18/envs/invenio_cern/var/instance/assets/node_modules/sass/sass.dart.js:38102:12)
    at Object._asyncStartSync (/Users/TYFong/.pyenv/versions/3.9.18/envs/invenio_cern/var/instance/assets/node_modules/sass/sass.dart.js:5029:20)
    at _EvaluateVisitor2._execute$body$_EvaluateVisitor0 (/Users/TYFong/.pyenv/versions/3.9.18/envs/invenio_cern/var/instance/assets/node_modules/sass/sass.dart.js:86339:16)
    at _EvaluateVisitor2._async_evaluate0$_execute$5$configuration$namesInErrors$nodeWithSpan (/Users/TYFong/.pyenv/versions/3.9.18/envs/invenio_cern/var/instance/assets/node_modules/sass/sass.dart.js:86261:19)
    at _EvaluateVisitor2._async_evaluate0$_execute$2 (/Users/TYFong/.pyenv/versions/3.9.18/envs/invenio_cern/var/instance/assets/node_modules/sass/sass.dart.js:86264:19)
    at _EvaluateVisitor_run__closure2.call$0 (/Users/TYFong/.pyenv/versions/3.9.18/envs/invenio_cern/var/instance/assets/node_modules/sass/sass.dart.js:91799:25)
    at /Users/TYFong/.pyenv/versions/3.9.18/envs/invenio_cern/var/instance/assets/node_modules/sass/sass.dart.js:91274:29
    at _wrapJsFunctionForAsync_closure.$protected (/Users/TYFong/.pyenv/versions/3.9.18/envs/invenio_cern/var/instance/assets/node_modules/sass/sass.dart.js:5065:15)
    at _wrapJsFunctionForAsync_closure.call$2 (/Users/TYFong/.pyenv/versions/3.9.18/envs/invenio_cern/var/instance/assets/node_modules/sass/sass.dart.js:38102:12)
    at Object._asyncStartSync (/Users/TYFong/.pyenv/versions/3.9.18/envs/invenio_cern/var/instance/assets/node_modules/sass/sass.dart.js:5029:20)
    at _EvaluateVisitor2._addExceptionTrace$body$_EvaluateVisitor0 (/Users/TYFong/.pyenv/versions/3.9.18/envs/invenio_cern/var/instance/assets/node_modules/sass/sass.dart.js:91321:16)
    at _EvaluateVisitor2._async_evaluate0$_addExceptionTrace$1$1 (/Users/TYFong/.pyenv/versions/3.9.18/envs/invenio_cern/var/instance/assets/node_modules/sass/sass.dart.js:91258:19)
    at /Users/TYFong/.pyenv/versions/3.9.18/envs/invenio_cern/var/instance/assets/node_modules/sass/sass.dart.js:91780:39
    at _wrapJsFunctionForAsync_closure.$protected (/Users/TYFong/.pyenv/versions/3.9.18/envs/invenio_cern/var/instance/assets/node_modules/sass/sass.dart.js:5065:15)
    at _wrapJsFunctionForAsync_closure.call$2 (/Users/TYFong/.pyenv/versions/3.9.18/envs/invenio_cern/var/instance/assets/node_modules/sass/sass.dart.js:38102:12)
    at Object._asyncStartSync (/Users/TYFong/.pyenv/versions/3.9.18/envs/invenio_cern/var/instance/assets/node_modules/sass/sass.dart.js:5029:20)
    at _EvaluateVisitor_run_closure2.call$0 (/Users/TYFong/.pyenv/versions/3.9.18/envs/invenio_cern/var/instance/assets/node_modules/sass/sass.dart.js:91793:16)
    at Object._rootRun (/Users/TYFong/.pyenv/versions/3.9.18/envs/invenio_cern/var/instance/assets/node_modules/sass/sass.dart.js:5469:16)
    at StaticClosure.<anonymous> (/Users/TYFong/.pyenv/versions/3.9.18/envs/invenio_cern/var/instance/assets/node_modules/sass/sass.dart.js:124379:16)
    at _CustomZone.run$1$1 (/Users/TYFong/.pyenv/versions/3.9.18/envs/invenio_cern/var/instance/assets/node_modules/sass/sass.dart.js:39572:39)
    at Object._runZoned (/Users/TYFong/.pyenv/versions/3.9.18/envs/invenio_cern/var/instance/assets/node_modules/sass/sass.dart.js:5561:89)
    at Object.runZoned (/Users/TYFong/.pyenv/versions/3.9.18/envs/invenio_cern/var/instance/assets/node_modules/sass/sass.dart.js:5558:16)
    at /Users/TYFong/.pyenv/versions/3.9.18/envs/invenio_cern/var/instance/assets/node_modules/sass/sass.dart.js:86154:22
 @ ./scss/invenio_theme/admin.scss

WARNING in css/3526.403518dbdc0a78e8e9ab.css
css/3526.403518dbdc0a78e8e9ab.css from Css Minimizer plugin
postcss-calc:: Lexical error on line 1: Unrecognized text.

  Erroneous area:
1: auto + 5%
^..^ webpack://./less/invenio_app_rdm/theme/elements/container.overrides:112:6
Warning: css/3526.403518dbdc0a78e8e9ab.css from Css Minimizer plugin
postcss-calc:: Lexical error on line 1: Unrecognized text.

  Erroneous area:
1: auto + 5%
^..^ webpack://./less/invenio_app_rdm/theme/elements/container.overrides:112:6
    at CssMinimizerPlugin.buildWarning (/Users/TYFong/.pyenv/versions/3.9.18/envs/invenio_cern/var/instance/assets/node_modules/css-minimizer-webpack-plugin/dist/index.js:299:26)
    at /Users/TYFong/.pyenv/versions/3.9.18/envs/invenio_cern/var/instance/assets/node_modules/css-minimizer-webpack-plugin/dist/index.js:599:55

WARNING in css/3526.403518dbdc0a78e8e9ab.css
css/3526.403518dbdc0a78e8e9ab.css from Css Minimizer plugin
postcss-calc:: Lexical error on line 1: Unrecognized text.

  Erroneous area:
1: auto + 5%
^..^ webpack://./less/invenio_app_rdm/theme/elements/container.overrides:126:6
Warning: css/3526.403518dbdc0a78e8e9ab.css from Css Minimizer plugin
postcss-calc:: Lexical error on line 1: Unrecognized text.

  Erroneous area:
1: auto + 5%
^..^ webpack://./less/invenio_app_rdm/theme/elements/container.overrides:126:6
    at CssMinimizerPlugin.buildWarning (/Users/TYFong/.pyenv/versions/3.9.18/envs/invenio_cern/var/instance/assets/node_modules/css-minimizer-webpack-plugin/dist/index.js:299:26)
    at /Users/TYFong/.pyenv/versions/3.9.18/envs/invenio_cern/var/instance/assets/node_modules/css-minimizer-webpack-plugin/dist/index.js:599:55

webpack 5.99.5 compiled with 15 warnings in 28927 ms
Built webpack project.
